<?xml version="1.0" encoding="ISO-8859-1" ?>
<link_info>
   <banner>TMS320C2000 Linker Unix v22.6.0.LTS</banner>
   <copyright>Copyright (c) 1996-2018 Texas Instruments Incorporated</copyright>
   <link_time>0x64be8b2c</link_time>
   <link_errors>0x0</link_errors>
   <output_file>tnb_mns_cpu1.out</output_file>
   <entry_point>
      <name>code_start</name>
      <address>0x80000</address>
   </entry_point>
   <input_file_list>
      <input_file id="fl-1">
         <path>./</path>
         <kind>object</kind>
         <file>tnb_mns_adc.obj</file>
         <name>tnb_mns_adc.obj</name>
      </input_file>
      <input_file id="fl-2">
         <path>./</path>
         <kind>object</kind>
         <file>tnb_mns_cpu1.obj</file>
         <name>tnb_mns_cpu1.obj</name>
      </input_file>
      <input_file id="fl-3">
         <path>./</path>
         <kind>object</kind>
         <file>tnb_mns_cpu1_main.obj</file>
         <name>tnb_mns_cpu1_main.obj</name>
      </input_file>
      <input_file id="fl-4">
         <path>./</path>
         <kind>object</kind>
         <file>tnb_mns_epwm.obj</file>
         <name>tnb_mns_epwm.obj</name>
      </input_file>
      <input_file id="fl-5">
         <path>./</path>
         <kind>object</kind>
         <file>tnb_mns_fsm.obj</file>
         <name>tnb_mns_fsm.obj</name>
      </input_file>
      <input_file id="fl-6">
         <path>./device/</path>
         <kind>object</kind>
         <file>device.obj</file>
         <name>device.obj</name>
      </input_file>
      <input_file id="fl-7">
         <path>./device/</path>
         <kind>object</kind>
         <file>f2838x_codestartbranch.obj</file>
         <name>f2838x_codestartbranch.obj</name>
      </input_file>
      <input_file id="fl-c">
         <kind>object</kind>
         <file>&lt;internal&gt;</file>
         <name>&lt;internal&gt;</name>
      </input_file>
      <input_file id="fl-d">
         <path>/home/dvarx/ti/C2000Ware_3_04_00_00_Software/driverlib/f2838x/driverlib/ccs/Debug/</path>
         <kind>archive</kind>
         <file>driverlib.lib</file>
         <name>adc.obj</name>
      </input_file>
      <input_file id="fl-e">
         <path>/home/dvarx/ti/C2000Ware_3_04_00_00_Software/driverlib/f2838x/driverlib/ccs/Debug/</path>
         <kind>archive</kind>
         <file>driverlib.lib</file>
         <name>cputimer.obj</name>
      </input_file>
      <input_file id="fl-f">
         <path>/home/dvarx/ti/C2000Ware_3_04_00_00_Software/driverlib/f2838x/driverlib/ccs/Debug/</path>
         <kind>archive</kind>
         <file>driverlib.lib</file>
         <name>dcc.obj</name>
      </input_file>
      <input_file id="fl-10">
         <path>/home/dvarx/ti/C2000Ware_3_04_00_00_Software/driverlib/f2838x/driverlib/ccs/Debug/</path>
         <kind>archive</kind>
         <file>driverlib.lib</file>
         <name>flash.obj</name>
      </input_file>
      <input_file id="fl-11">
         <path>/home/dvarx/ti/C2000Ware_3_04_00_00_Software/driverlib/f2838x/driverlib/ccs/Debug/</path>
         <kind>archive</kind>
         <file>driverlib.lib</file>
         <name>gpio.obj</name>
      </input_file>
      <input_file id="fl-12">
         <path>/home/dvarx/ti/C2000Ware_3_04_00_00_Software/driverlib/f2838x/driverlib/ccs/Debug/</path>
         <kind>archive</kind>
         <file>driverlib.lib</file>
         <name>interrupt.obj</name>
      </input_file>
      <input_file id="fl-13">
         <path>/home/dvarx/ti/C2000Ware_3_04_00_00_Software/driverlib/f2838x/driverlib/ccs/Debug/</path>
         <kind>archive</kind>
         <file>driverlib.lib</file>
         <name>ipc.obj</name>
      </input_file>
      <input_file id="fl-14">
         <path>/home/dvarx/ti/C2000Ware_3_04_00_00_Software/driverlib/f2838x/driverlib/ccs/Debug/</path>
         <kind>archive</kind>
         <file>driverlib.lib</file>
         <name>sysctl.obj</name>
      </input_file>
      <input_file id="fl-20">
         <path>/home/dvarx/ti/ccs1220/ccs/tools/compiler/ti-cgt-c2000_22.6.0.LTS/lib/</path>
         <kind>archive</kind>
         <file>rts2800_fpu64_eabi.lib</file>
         <name>boot28.asm.obj</name>
      </input_file>
      <input_file id="fl-21">
         <path>/home/dvarx/ti/ccs1220/ccs/tools/compiler/ti-cgt-c2000_22.6.0.LTS/lib/</path>
         <kind>archive</kind>
         <file>rts2800_fpu64_eabi.lib</file>
         <name>fs_div28.asm.obj</name>
      </input_file>
      <input_file id="fl-22">
         <path>/home/dvarx/ti/ccs1220/ccs/tools/compiler/ti-cgt-c2000_22.6.0.LTS/lib/</path>
         <kind>archive</kind>
         <file>rts2800_fpu64_eabi.lib</file>
         <name>ll_cmp28.asm.obj</name>
      </input_file>
      <input_file id="fl-23">
         <path>/home/dvarx/ti/ccs1220/ccs/tools/compiler/ti-cgt-c2000_22.6.0.LTS/lib/</path>
         <kind>archive</kind>
         <file>rts2800_fpu64_eabi.lib</file>
         <name>memcpy.c.obj</name>
      </input_file>
      <input_file id="fl-24">
         <path>/home/dvarx/ti/ccs1220/ccs/tools/compiler/ti-cgt-c2000_22.6.0.LTS/lib/</path>
         <kind>archive</kind>
         <file>rts2800_fpu64_eabi.lib</file>
         <name>pre_init.c.obj</name>
      </input_file>
      <input_file id="fl-25">
         <path>/home/dvarx/ti/ccs1220/ccs/tools/compiler/ti-cgt-c2000_22.6.0.LTS/lib/</path>
         <kind>archive</kind>
         <file>rts2800_fpu64_eabi.lib</file>
         <name>autoinit.c.obj</name>
      </input_file>
      <input_file id="fl-26">
         <path>/home/dvarx/ti/ccs1220/ccs/tools/compiler/ti-cgt-c2000_22.6.0.LTS/lib/</path>
         <kind>archive</kind>
         <file>rts2800_fpu64_eabi.lib</file>
         <name>copy_zero_init.c.obj</name>
      </input_file>
      <input_file id="fl-27">
         <path>/home/dvarx/ti/ccs1220/ccs/tools/compiler/ti-cgt-c2000_22.6.0.LTS/lib/</path>
         <kind>archive</kind>
         <file>rts2800_fpu64_eabi.lib</file>
         <name>copy_decompress_none.c.obj</name>
      </input_file>
      <input_file id="fl-28">
         <path>/home/dvarx/ti/ccs1220/ccs/tools/compiler/ti-cgt-c2000_22.6.0.LTS/lib/</path>
         <kind>archive</kind>
         <file>rts2800_fpu64_eabi.lib</file>
         <name>copy_decompress_lzss.c.obj</name>
      </input_file>
      <input_file id="fl-29">
         <path>/home/dvarx/ti/ccs1220/ccs/tools/compiler/ti-cgt-c2000_22.6.0.LTS/lib/</path>
         <kind>archive</kind>
         <file>rts2800_fpu64_eabi.lib</file>
         <name>exit.c.obj</name>
      </input_file>
      <input_file id="fl-2a">
         <path>/home/dvarx/ti/ccs1220/ccs/tools/compiler/ti-cgt-c2000_22.6.0.LTS/lib/</path>
         <kind>archive</kind>
         <file>rts2800_fpu64_eabi.lib</file>
         <name>_lock.c.obj</name>
      </input_file>
      <input_file id="fl-2b">
         <path>/home/dvarx/ti/ccs1220/ccs/tools/compiler/ti-cgt-c2000_22.6.0.LTS/lib/</path>
         <kind>archive</kind>
         <file>rts2800_fpu64_eabi.lib</file>
         <name>args_main.c.obj</name>
      </input_file>
      <input_file id="fl-2c">
         <path>/home/dvarx/ti/ccs1220/ccs/tools/compiler/ti-cgt-c2000_22.6.0.LTS/lib/</path>
         <kind>archive</kind>
         <file>rts2800_fpu64_eabi.lib</file>
         <name>memset.c.obj</name>
      </input_file>
      <input_file id="fl-2d">
         <path>/home/dvarx/ti/ccs1220/ccs/tools/compiler/ti-cgt-c2000_22.6.0.LTS/lib/</path>
         <kind>archive</kind>
         <file>rts2800_fpu64_eabi.lib</file>
         <name>cpy_tbl.c.obj</name>
      </input_file>
      <input_file id="fl-2e">
         <path>/home/dvarx/ti/ccs1220/ccs/tools/compiler/ti-cgt-c2000_22.6.0.LTS/lib/</path>
         <kind>archive</kind>
         <file>rts2800_fpu64_eabi.lib</file>
         <name>startup.c.obj</name>
      </input_file>
   </input_file_list>
   <object_component_list>
      <object_component id="oc-2a">
         <name>codestart</name>
         <load_address>0x80000</load_address>
         <run_address>0x80000</run_address>
         <size>0x2</size>
         <input_file_ref idref="fl-7"/>
      </object_component>
      <object_component id="oc-3b">
         <name>.text:main</name>
         <load_address>0x82000</load_address>
         <run_address>0x82000</run_address>
         <size>0x38e</size>
         <input_file_ref idref="fl-3"/>
      </object_component>
      <object_component id="oc-156">
         <name>.text:readAnalogInputs</name>
         <load_address>0x8238e</load_address>
         <run_address>0x8238e</run_address>
         <size>0x1a0</size>
         <input_file_ref idref="fl-1"/>
      </object_component>
      <object_component id="oc-35">
         <name>.text:IPC_ISR0</name>
         <load_address>0x8252e</load_address>
         <run_address>0x8252e</run_address>
         <size>0x176</size>
         <input_file_ref idref="fl-2"/>
      </object_component>
      <object_component id="oc-213">
         <name>.text:Device_enableAllPeripherals</name>
         <load_address>0x826a4</load_address>
         <run_address>0x826a4</run_address>
         <size>0x167</size>
         <input_file_ref idref="fl-6"/>
      </object_component>
      <object_component id="oc-1e8">
         <name>.text:SysCtl_setClock</name>
         <load_address>0x8280b</load_address>
         <run_address>0x8280b</run_address>
         <size>0x138</size>
         <input_file_ref idref="fl-14"/>
      </object_component>
      <object_component id="oc-1f4">
         <name>.text:SysCtl_setAuxClock</name>
         <load_address>0x82943</load_address>
         <run_address>0x82943</run_address>
         <size>0x117</size>
         <input_file_ref idref="fl-14"/>
      </object_component>
      <object_component id="oc-495">
         <name>.text:SysCtl_isPLLValid</name>
         <load_address>0x82a5a</load_address>
         <run_address>0x82a5a</run_address>
         <size>0x110</size>
         <input_file_ref idref="fl-14"/>
      </object_component>
      <object_component id="oc-d2">
         <name>.text:initADCSOCs</name>
         <load_address>0x82b6a</load_address>
         <run_address>0x82b6a</run_address>
         <size>0xf4</size>
         <input_file_ref idref="fl-1"/>
      </object_component>
      <object_component id="oc-150">
         <name>.text:run_channel_fsm</name>
         <load_address>0x82c5e</load_address>
         <run_address>0x82c5e</run_address>
         <size>0xed</size>
         <input_file_ref idref="fl-5"/>
      </object_component>
      <object_component id="oc-47b">
         <name>.text:DCC_verifyClockFrequency</name>
         <load_address>0x82d4b</load_address>
         <run_address>0x82d4b</run_address>
         <size>0xc9</size>
         <input_file_ref idref="fl-f"/>
      </object_component>
      <object_component id="oc-259">
         <name>.text:ADC_setMode</name>
         <load_address>0x82e14</load_address>
         <run_address>0x82e14</run_address>
         <size>0xae</size>
         <input_file_ref idref="fl-d"/>
      </object_component>
      <object_component id="oc-181">
         <name>.text:set_freq_bridge</name>
         <load_address>0x82ec2</load_address>
         <run_address>0x82ec2</run_address>
         <size>0x8e</size>
         <input_file_ref idref="fl-4"/>
      </object_component>
      <object_component id="oc-176">
         <name>.text</name>
         <load_address>0x82f50</load_address>
         <run_address>0x82f50</run_address>
         <size>0x88</size>
         <input_file_ref idref="fl-21"/>
      </object_component>
      <object_component id="oc-620">
         <name>.text:DCC_setCounterSeeds</name>
         <load_address>0x82fd8</load_address>
         <run_address>0x82fd8</run_address>
         <size>0x7a</size>
         <input_file_ref idref="fl-f"/>
      </object_component>
      <object_component id="oc-68b">
         <name>.text:DCC_setCounterSeeds</name>
         <load_address>0x83052</load_address>
         <run_address>0x83052</run_address>
         <size>0x7a</size>
         <input_file_ref idref="fl-14"/>
      </object_component>
      <object_component id="oc-a8">
         <name>.text:Device_init</name>
         <load_address>0x830cc</load_address>
         <run_address>0x830cc</run_address>
         <size>0x6b</size>
         <input_file_ref idref="fl-6"/>
      </object_component>
      <object_component id="oc-20d">
         <name>.text:SysCtl_getAuxClock</name>
         <load_address>0x83137</load_address>
         <run_address>0x83137</run_address>
         <size>0x67</size>
         <input_file_ref idref="fl-14"/>
      </object_component>
      <object_component id="oc-200">
         <name>.text:SysCtl_getClock</name>
         <load_address>0x8319e</load_address>
         <run_address>0x8319e</run_address>
         <size>0x60</size>
         <input_file_ref idref="fl-14"/>
      </object_component>
      <object_component id="oc-cc">
         <name>.text:initADCs</name>
         <load_address>0x831fe</load_address>
         <run_address>0x831fe</run_address>
         <size>0x56</size>
         <input_file_ref idref="fl-1"/>
      </object_component>
      <object_component id="oc-489">
         <name>.text:SysCtl_selectOscSource</name>
         <load_address>0x83254</load_address>
         <run_address>0x83254</run_address>
         <size>0x54</size>
         <input_file_ref idref="fl-14"/>
      </object_component>
      <object_component id="oc-c0">
         <name>.text:GPIO_setPadConfig</name>
         <load_address>0x832a8</load_address>
         <run_address>0x832a8</run_address>
         <size>0x52</size>
         <input_file_ref idref="fl-11"/>
      </object_component>
      <object_component id="oc-287">
         <name>.text:init_epwm</name>
         <load_address>0x832fa</load_address>
         <run_address>0x832fa</run_address>
         <size>0x52</size>
         <input_file_ref idref="fl-4"/>
      </object_component>
      <object_component id="oc-de">
         <name>.text:setup_pinmux_config_bridge</name>
         <load_address>0x8334c</load_address>
         <run_address>0x8334c</run_address>
         <size>0x51</size>
         <input_file_ref idref="fl-4"/>
      </object_component>
      <object_component id="oc-16f">
         <name>.text:update_pid</name>
         <load_address>0x8339d</load_address>
         <run_address>0x8339d</run_address>
         <size>0x51</size>
         <input_file_ref idref="fl-1"/>
      </object_component>
      <object_component id="oc-29c">
         <name>.text:EPWM_isBaseValid</name>
         <load_address>0x833ee</load_address>
         <run_address>0x833ee</run_address>
         <size>0x4b</size>
         <input_file_ref idref="fl-3"/>
      </object_component>
      <object_component id="oc-51c">
         <name>.text:EPWM_isBaseValid</name>
         <load_address>0x83439</load_address>
         <run_address>0x83439</run_address>
         <size>0x4b</size>
         <input_file_ref idref="fl-4"/>
      </object_component>
      <object_component id="oc-120">
         <name>.text:configCPUTimer</name>
         <load_address>0x83484</load_address>
         <run_address>0x83484</run_address>
         <size>0x4b</size>
         <input_file_ref idref="fl-2"/>
      </object_component>
      <object_component id="oc-6a">
         <name>.text:IPC_readCommand</name>
         <load_address>0x834cf</load_address>
         <run_address>0x834cf</run_address>
         <size>0x4a</size>
         <input_file_ref idref="fl-13"/>
      </object_component>
      <object_component id="oc-d8">
         <name>.text:setup_pin_config_buck</name>
         <load_address>0x83519</load_address>
         <run_address>0x83519</run_address>
         <size>0x49</size>
         <input_file_ref idref="fl-4"/>
      </object_component>
      <object_component id="oc-49e">
         <name>.text:SysCtl_selectOscSourceAuxPLL</name>
         <load_address>0x83562</load_address>
         <run_address>0x83562</run_address>
         <size>0x47</size>
         <input_file_ref idref="fl-14"/>
      </object_component>
      <object_component id="oc-41">
         <name>.text:cpuTimer0ISR</name>
         <load_address>0x835a9</load_address>
         <run_address>0x835a9</run_address>
         <size>0x45</size>
         <input_file_ref idref="fl-2"/>
      </object_component>
      <object_component id="oc-c6">
         <name>.text:GPIO_writePin</name>
         <load_address>0x835ee</load_address>
         <run_address>0x835ee</run_address>
         <size>0x44</size>
         <input_file_ref idref="fl-3"/>
      </object_component>
      <object_component id="oc-2a5">
         <name>.text:GPIO_writePin</name>
         <load_address>0x83632</load_address>
         <run_address>0x83632</run_address>
         <size>0x44</size>
         <input_file_ref idref="fl-4"/>
      </object_component>
      <object_component id="oc-31a">
         <name>.text:GPIO_writePin</name>
         <load_address>0x83676</load_address>
         <run_address>0x83676</run_address>
         <size>0x44</size>
         <input_file_ref idref="fl-5"/>
      </object_component>
      <object_component id="oc-4f6">
         <name>.text:EPWM_setActionQualifierAction</name>
         <load_address>0x836ba</load_address>
         <run_address>0x836ba</run_address>
         <size>0x42</size>
         <input_file_ref idref="fl-4"/>
      </object_component>
      <object_component id="oc-47">
         <name>.text:cpuTimer1ISR</name>
         <load_address>0x836fc</load_address>
         <run_address>0x836fc</run_address>
         <size>0x42</size>
         <input_file_ref idref="fl-2"/>
      </object_component>
      <object_component id="oc-4f0">
         <name>.text:EPWM_setCounterCompareShadowLoadMode</name>
         <load_address>0x8373e</load_address>
         <run_address>0x8373e</run_address>
         <size>0x3e</size>
         <input_file_ref idref="fl-4"/>
      </object_component>
      <object_component id="oc-144">
         <name>.text:READY_enter</name>
         <load_address>0x8377c</load_address>
         <run_address>0x8377c</run_address>
         <size>0x3e</size>
         <input_file_ref idref="fl-5"/>
      </object_component>
      <object_component id="oc-fc">
         <name>.text:Interrupt_initModule</name>
         <load_address>0x837ba</load_address>
         <run_address>0x837ba</run_address>
         <size>0x3d</size>
         <input_file_ref idref="fl-12"/>
      </object_component>
      <object_component id="oc-187">
         <name>.text:GPIO_readPin</name>
         <load_address>0x837f7</load_address>
         <run_address>0x837f7</run_address>
         <size>0x3c</size>
         <input_file_ref idref="fl-3"/>
      </object_component>
      <object_component id="oc-14a">
         <name>.text:GPIO_togglePin</name>
         <load_address>0x83833</load_address>
         <run_address>0x83833</run_address>
         <size>0x3b</size>
         <input_file_ref idref="fl-3"/>
      </object_component>
      <object_component id="oc-503">
         <name>.text:EPWM_setFallingEdgeDeadBandDelayInput</name>
         <load_address>0x8386e</load_address>
         <run_address>0x8386e</run_address>
         <size>0x37</size>
         <input_file_ref idref="fl-4"/>
      </object_component>
      <object_component id="oc-13e">
         <name>.text:GPIO_setPinConfig</name>
         <load_address>0x838a5</load_address>
         <run_address>0x838a5</run_address>
         <size>0x37</size>
         <input_file_ref idref="fl-11"/>
      </object_component>
      <object_component id="oc-10e">
         <name>.text:IPC_registerInterrupt</name>
         <load_address>0x838dc</load_address>
         <run_address>0x838dc</run_address>
         <size>0x37</size>
         <input_file_ref idref="fl-13"/>
      </object_component>
      <object_component id="oc-26e">
         <name>.text:ADC_setupSOC</name>
         <load_address>0x83913</load_address>
         <run_address>0x83913</run_address>
         <size>0x36</size>
         <input_file_ref idref="fl-1"/>
      </object_component>
      <object_component id="oc-12c">
         <name>.text:Interrupt_enable</name>
         <load_address>0x83949</load_address>
         <run_address>0x83949</run_address>
         <size>0x34</size>
         <input_file_ref idref="fl-12"/>
      </object_component>
      <object_component id="oc-358">
         <name>.text:RUNNING_REGULAR_enter</name>
         <load_address>0x8397d</load_address>
         <run_address>0x8397d</run_address>
         <size>0x34</size>
         <input_file_ref idref="fl-5"/>
      </object_component>
      <object_component id="oc-15f">
         <name>.text:update_first_order</name>
         <load_address>0x839b1</load_address>
         <run_address>0x839b1</run_address>
         <size>0x32</size>
         <input_file_ref idref="fl-1"/>
      </object_component>
      <object_component id="oc-ba">
         <name>.text:GPIO_setDirectionMode</name>
         <load_address>0x839e3</load_address>
         <run_address>0x839e3</run_address>
         <size>0x31</size>
         <input_file_ref idref="fl-11"/>
      </object_component>
      <object_component id="oc-28d">
         <name>.text:setup_epwm_deadband</name>
         <load_address>0x83a14</load_address>
         <run_address>0x83a14</run_address>
         <size>0x31</size>
         <input_file_ref idref="fl-4"/>
      </object_component>
      <object_component id="oc-515">
         <name>.text:EPWM_setDeadBandOutputSwapMode</name>
         <load_address>0x83a45</load_address>
         <run_address>0x83a45</run_address>
         <size>0x2e</size>
         <input_file_ref idref="fl-4"/>
      </object_component>
      <object_component id="oc-1d">
         <name>.text:decompress:lzss</name>
         <load_address>0x83a73</load_address>
         <run_address>0x83a73</run_address>
         <size>0x2e</size>
         <input_file_ref idref="fl-28"/>
      </object_component>
      <object_component id="oc-50f">
         <name>.text:EPWM_setDeadBandDelayMode</name>
         <load_address>0x83aa1</load_address>
         <run_address>0x83aa1</run_address>
         <size>0x2c</size>
         <input_file_ref idref="fl-4"/>
      </object_component>
      <object_component id="oc-59f">
         <name>.text:__TI_auto_init_nobinit_nopinit</name>
         <load_address>0x83acd</load_address>
         <run_address>0x83acd</run_address>
         <size>0x2b</size>
         <input_file_ref idref="fl-25"/>
      </object_component>
      <object_component id="oc-17b">
         <name>.text:set_duty_bridge</name>
         <load_address>0x83af8</load_address>
         <run_address>0x83af8</run_address>
         <size>0x2b</size>
         <input_file_ref idref="fl-4"/>
      </object_component>
      <object_component id="oc-166">
         <name>.text:set_duty_buck</name>
         <load_address>0x83b23</load_address>
         <run_address>0x83b23</run_address>
         <size>0x2b</size>
         <input_file_ref idref="fl-4"/>
      </object_component>
      <object_component id="oc-f6">
         <name>.text:set_enabled</name>
         <load_address>0x83b4e</load_address>
         <run_address>0x83b4e</run_address>
         <size>0x2b</size>
         <input_file_ref idref="fl-4"/>
      </object_component>
      <object_component id="oc-56f">
         <name>.text:synchronize_pwm_tochannel0</name>
         <load_address>0x83b79</load_address>
         <run_address>0x83b79</run_address>
         <size>0x2b</size>
         <input_file_ref idref="fl-4"/>
      </object_component>
      <object_component id="oc-6a1">
         <name>.text:SysCtl_pollX1Counter</name>
         <load_address>0x83ba4</load_address>
         <run_address>0x83ba4</run_address>
         <size>0x2a</size>
         <input_file_ref idref="fl-14"/>
      </object_component>
      <object_component id="oc-328">
         <name>.text:BUCK_ENABLED_enter</name>
         <load_address>0x83bce</load_address>
         <run_address>0x83bce</run_address>
         <size>0x29</size>
         <input_file_ref idref="fl-5"/>
      </object_component>
      <object_component id="oc-418">
         <name>.text</name>
         <load_address>0x83bf7</load_address>
         <run_address>0x83bf7</run_address>
         <size>0x29</size>
         <input_file_ref idref="fl-29"/>
      </object_component>
      <object_component id="oc-4fd">
         <name>.text:EPWM_setRisingEdgeDeadBandDelayInput</name>
         <load_address>0x83c20</load_address>
         <run_address>0x83c20</run_address>
         <size>0x27</size>
         <input_file_ref idref="fl-4"/>
      </object_component>
      <object_component id="oc-274">
         <name>.text:ADC_setInterruptSource</name>
         <load_address>0x83c47</load_address>
         <run_address>0x83c47</run_address>
         <size>0x26</size>
         <input_file_ref idref="fl-1"/>
      </object_component>
      <object_component id="oc-626">
         <name>.text:DCC_enableSingleShotMode</name>
         <load_address>0x83c6d</load_address>
         <run_address>0x83c6d</run_address>
         <size>0x25</size>
         <input_file_ref idref="fl-f"/>
      </object_component>
      <object_component id="oc-691">
         <name>.text:DCC_enableSingleShotMode</name>
         <load_address>0x83c92</load_address>
         <run_address>0x83c92</run_address>
         <size>0x25</size>
         <input_file_ref idref="fl-14"/>
      </object_component>
      <object_component id="oc-227">
         <name>.text:SysCtl_controlCMReset</name>
         <load_address>0x83cb7</load_address>
         <run_address>0x83cb7</run_address>
         <size>0x25</size>
         <input_file_ref idref="fl-14"/>
      </object_component>
      <object_component id="oc-509">
         <name>.text:EPWM_setDeadBandDelayPolarity</name>
         <load_address>0x83cdc</load_address>
         <run_address>0x83cdc</run_address>
         <size>0x24</size>
         <input_file_ref idref="fl-4"/>
      </object_component>
      <object_component id="oc-64d">
         <name>.text:SysCtl_selectXTAL</name>
         <load_address>0x83d00</load_address>
         <run_address>0x83d00</run_address>
         <size>0x24</size>
         <input_file_ref idref="fl-14"/>
      </object_component>
      <object_component id="oc-3e1">
         <name>.text:EPWM_setCounterCompareValue</name>
         <load_address>0x83d24</load_address>
         <run_address>0x83d24</run_address>
         <size>0x23</size>
         <input_file_ref idref="fl-4"/>
      </object_component>
      <object_component id="oc-33a">
         <name>.text:INIT_REGULAR_RUN_enter</name>
         <load_address>0x83d47</load_address>
         <run_address>0x83d47</run_address>
         <size>0x23</size>
         <input_file_ref idref="fl-5"/>
      </object_component>
      <object_component id="oc-37c">
         <name>.text:RUNNING_RESONANT_enter</name>
         <load_address>0x83d6a</load_address>
         <run_address>0x83d6a</run_address>
         <size>0x23</size>
         <input_file_ref idref="fl-5"/>
      </object_component>
      <object_component id="oc-b4">
         <name>.text:Device_initGPIO</name>
         <load_address>0x83d8d</load_address>
         <run_address>0x83d8d</run_address>
         <size>0x21</size>
         <input_file_ref idref="fl-6"/>
      </object_component>
      <object_component id="oc-27a">
         <name>.text:ADC_enableInterrupt</name>
         <load_address>0x83dae</load_address>
         <run_address>0x83dae</run_address>
         <size>0x20</size>
         <input_file_ref idref="fl-1"/>
      </object_component>
      <object_component id="oc-102">
         <name>.text:Interrupt_initVectorTable</name>
         <load_address>0x83dce</load_address>
         <run_address>0x83dce</run_address>
         <size>0x20</size>
         <input_file_ref idref="fl-12"/>
      </object_component>
      <object_component id="oc-4cc">
         <name>.text:ADC_isBaseValid</name>
         <load_address>0x83dee</load_address>
         <run_address>0x83dee</run_address>
         <size>0x1f</size>
         <input_file_ref idref="fl-d"/>
      </object_component>
      <object_component id="oc-614">
         <name>.text:DCC_setCounter0ClkSource</name>
         <load_address>0x83e0d</load_address>
         <run_address>0x83e0d</run_address>
         <size>0x1f</size>
         <input_file_ref idref="fl-f"/>
      </object_component>
      <object_component id="oc-67f">
         <name>.text:DCC_setCounter0ClkSource</name>
         <load_address>0x83e2c</load_address>
         <run_address>0x83e2c</run_address>
         <size>0x1f</size>
         <input_file_ref idref="fl-14"/>
      </object_component>
      <object_component id="oc-61a">
         <name>.text:DCC_setCounter1ClkSource</name>
         <load_address>0x83e4b</load_address>
         <run_address>0x83e4b</run_address>
         <size>0x1f</size>
         <input_file_ref idref="fl-f"/>
      </object_component>
      <object_component id="oc-685">
         <name>.text:DCC_setCounter1ClkSource</name>
         <load_address>0x83e6a</load_address>
         <run_address>0x83e6a</run_address>
         <size>0x1f</size>
         <input_file_ref idref="fl-14"/>
      </object_component>
      <object_component id="oc-3bc">
         <name>.text:ADC_readResult</name>
         <load_address>0x83e89</load_address>
         <run_address>0x83e89</run_address>
         <size>0x1e</size>
         <input_file_ref idref="fl-1"/>
      </object_component>
      <object_component id="oc-1e2">
         <name>.text:Device_verifyXTAL</name>
         <load_address>0x83ea7</load_address>
         <run_address>0x83ea7</run_address>
         <size>0x1e</size>
         <input_file_ref idref="fl-6"/>
      </object_component>
      <object_component id="oc-f0">
         <name>.text:EPWM_setPhaseShift</name>
         <load_address>0x83ec5</load_address>
         <run_address>0x83ec5</run_address>
         <size>0x1e</size>
         <input_file_ref idref="fl-3"/>
      </object_component>
      <object_component id="oc-4de">
         <name>.text:EPWM_setPhaseShift</name>
         <load_address>0x83ee3</load_address>
         <run_address>0x83ee3</run_address>
         <size>0x1e</size>
         <input_file_ref idref="fl-4"/>
      </object_component>
      <object_component id="oc-39a">
         <name>.text:TERMINATE_RESONANT_exit</name>
         <load_address>0x83f01</load_address>
         <run_address>0x83f01</run_address>
         <size>0x1e</size>
         <input_file_ref idref="fl-5"/>
      </object_component>
      <object_component id="oc-3b6">
         <name>.text:ADC_getInterruptStatus</name>
         <load_address>0x83f1f</load_address>
         <run_address>0x83f1f</run_address>
         <size>0x1d</size>
         <input_file_ref idref="fl-1"/>
      </object_component>
      <object_component id="oc-644">
         <name>.text:DCC_getErrorStatus</name>
         <load_address>0x83f3c</load_address>
         <run_address>0x83f3c</run_address>
         <size>0x1d</size>
         <input_file_ref idref="fl-f"/>
      </object_component>
      <object_component id="oc-63e">
         <name>.text:DCC_getSingleShotStatus</name>
         <load_address>0x83f59</load_address>
         <run_address>0x83f59</run_address>
         <size>0x1d</size>
         <input_file_ref idref="fl-f"/>
      </object_component>
      <object_component id="oc-e4">
         <name>.text:EPWM_enableSyncOutPulseSource</name>
         <load_address>0x83f76</load_address>
         <run_address>0x83f76</run_address>
         <size>0x1d</size>
         <input_file_ref idref="fl-3"/>
      </object_component>
      <object_component id="oc-3ec">
         <name>.text:EPWM_setFallingEdgeDelayCount</name>
         <load_address>0x83f93</load_address>
         <run_address>0x83f93</run_address>
         <size>0x1d</size>
         <input_file_ref idref="fl-4"/>
      </object_component>
      <object_component id="oc-3f2">
         <name>.text:EPWM_setRisingEdgeDelayCount</name>
         <load_address>0x83fb0</load_address>
         <run_address>0x83fb0</run_address>
         <size>0x1d</size>
         <input_file_ref idref="fl-4"/>
      </object_component>
      <object_component id="oc-50">
         <name>.text</name>
         <load_address>0x83fcd</load_address>
         <run_address>0x83fcd</run_address>
         <size>0x1d</size>
         <input_file_ref idref="fl-23"/>
      </object_component>
      <object_component id="oc-25f">
         <name>.text:ADC_setInterruptPulseMode</name>
         <load_address>0x83fea</load_address>
         <run_address>0x83fea</run_address>
         <size>0x16</size>
         <input_file_ref idref="fl-1"/>
      </object_component>
      <object_component id="oc-293">
         <name>.text:EPWM_setClockPrescaler</name>
         <load_address>0x84000</load_address>
         <run_address>0x84000</run_address>
         <size>0x1c</size>
         <input_file_ref idref="fl-4"/>
      </object_component>
      <object_component id="oc-4c4">
         <name>.text:ADC_isBaseValid</name>
         <load_address>0x8401c</load_address>
         <run_address>0x8401c</run_address>
         <size>0x1b</size>
         <input_file_ref idref="fl-1"/>
      </object_component>
      <object_component id="oc-53e">
         <name>.text:CPUTimer_isBaseValid</name>
         <load_address>0x84037</load_address>
         <run_address>0x84037</run_address>
         <size>0x1a</size>
         <input_file_ref idref="fl-e"/>
      </object_component>
      <object_component id="oc-5ef">
         <name>.text:DCC_isBaseValid</name>
         <load_address>0x84051</load_address>
         <run_address>0x84051</run_address>
         <size>0x1a</size>
         <input_file_ref idref="fl-f"/>
      </object_component>
      <object_component id="oc-715">
         <name>.text:DCC_isBaseValid</name>
         <load_address>0x8406b</load_address>
         <run_address>0x8406b</run_address>
         <size>0x1a</size>
         <input_file_ref idref="fl-14"/>
      </object_component>
      <object_component id="oc-207">
         <name>.text:SysCtl_getLowSpeedClock</name>
         <load_address>0x84085</load_address>
         <run_address>0x84085</run_address>
         <size>0x1a</size>
         <input_file_ref idref="fl-14"/>
      </object_component>
      <object_component id="oc-653">
         <name>.text:SysCtl_selectXTALSingleEnded</name>
         <load_address>0x8409f</load_address>
         <run_address>0x8409f</run_address>
         <size>0x1a</size>
         <input_file_ref idref="fl-14"/>
      </object_component>
      <object_component id="oc-21b">
         <name>.text:IPC_setBootMode</name>
         <load_address>0x840b9</load_address>
         <run_address>0x840b9</run_address>
         <size>0x19</size>
         <input_file_ref idref="fl-6"/>
      </object_component>
      <object_component id="oc-1a2">
         <name>.text</name>
         <load_address>0x840d2</load_address>
         <run_address>0x840d2</run_address>
         <size>0x19</size>
         <input_file_ref idref="fl-20"/>
      </object_component>
      <object_component id="oc-132">
         <name>.text:CPUTimer_startTimer</name>
         <load_address>0x840eb</load_address>
         <run_address>0x840eb</run_address>
         <size>0x18</size>
         <input_file_ref idref="fl-3"/>
      </object_component>
      <object_component id="oc-382">
         <name>.text:RUNNING_RESONANT_exit</name>
         <load_address>0x84103</load_address>
         <run_address>0x84103</run_address>
         <size>0x18</size>
         <input_file_ref idref="fl-5"/>
      </object_component>
      <object_component id="oc-3c2">
         <name>.text:conv_adc_meas_to_current_a</name>
         <load_address>0x8411b</load_address>
         <run_address>0x8411b</run_address>
         <size>0x18</size>
         <input_file_ref idref="fl-1"/>
      </object_component>
      <object_component id="oc-1c0">
         <name>.text:CPUTimer_isBaseValid</name>
         <load_address>0x84133</load_address>
         <run_address>0x84133</run_address>
         <size>0x17</size>
         <input_file_ref idref="fl-2"/>
      </object_component>
      <object_component id="oc-309">
         <name>.text:CPUTimer_isBaseValid</name>
         <load_address>0x8414a</load_address>
         <run_address>0x8414a</run_address>
         <size>0x17</size>
         <input_file_ref idref="fl-3"/>
      </object_component>
      <object_component id="oc-2f0">
         <name>.text:CPUTimer_setPreScaler</name>
         <load_address>0x84161</load_address>
         <run_address>0x84161</run_address>
         <size>0x17</size>
         <input_file_ref idref="fl-2"/>
      </object_component>
      <object_component id="oc-60e">
         <name>.text:DCC_disableDoneSignal</name>
         <load_address>0x84178</load_address>
         <run_address>0x84178</run_address>
         <size>0x17</size>
         <input_file_ref idref="fl-f"/>
      </object_component>
      <object_component id="oc-679">
         <name>.text:DCC_disableDoneSignal</name>
         <load_address>0x8418f</load_address>
         <run_address>0x8418f</run_address>
         <size>0x17</size>
         <input_file_ref idref="fl-14"/>
      </object_component>
      <object_component id="oc-632">
         <name>.text:DCC_enableDoneSignal</name>
         <load_address>0x841a6</load_address>
         <run_address>0x841a6</run_address>
         <size>0x17</size>
         <input_file_ref idref="fl-f"/>
      </object_component>
      <object_component id="oc-475">
         <name>.text:SysCtl_enablePeripheral</name>
         <load_address>0x841bd</load_address>
         <run_address>0x841bd</run_address>
         <size>0x17</size>
         <input_file_ref idref="fl-6"/>
      </object_component>
      <object_component id="oc-65b">
         <name>.text:SysCtl_enablePeripheral</name>
         <load_address>0x841d4</load_address>
         <run_address>0x841d4</run_address>
         <size>0x17</size>
         <input_file_ref idref="fl-14"/>
      </object_component>
      <object_component id="oc-253">
         <name>.text:ADC_setPrescaler</name>
         <load_address>0x841eb</load_address>
         <run_address>0x841eb</run_address>
         <size>0x16</size>
         <input_file_ref idref="fl-1"/>
      </object_component>
      <object_component id="oc-5fc">
         <name>.text:DCC_clearDoneFlag</name>
         <load_address>0x84201</load_address>
         <run_address>0x84201</run_address>
         <size>0x16</size>
         <input_file_ref idref="fl-f"/>
      </object_component>
      <object_component id="oc-667">
         <name>.text:DCC_clearDoneFlag</name>
         <load_address>0x84217</load_address>
         <run_address>0x84217</run_address>
         <size>0x16</size>
         <input_file_ref idref="fl-14"/>
      </object_component>
      <object_component id="oc-5f6">
         <name>.text:DCC_clearErrorFlag</name>
         <load_address>0x8422d</load_address>
         <run_address>0x8422d</run_address>
         <size>0x16</size>
         <input_file_ref idref="fl-f"/>
      </object_component>
      <object_component id="oc-661">
         <name>.text:DCC_clearErrorFlag</name>
         <load_address>0x84243</load_address>
         <run_address>0x84243</run_address>
         <size>0x16</size>
         <input_file_ref idref="fl-14"/>
      </object_component>
      <object_component id="oc-608">
         <name>.text:DCC_disableErrorSignal</name>
         <load_address>0x84259</load_address>
         <run_address>0x84259</run_address>
         <size>0x16</size>
         <input_file_ref idref="fl-f"/>
      </object_component>
      <object_component id="oc-673">
         <name>.text:DCC_disableErrorSignal</name>
         <load_address>0x8426f</load_address>
         <run_address>0x8426f</run_address>
         <size>0x16</size>
         <input_file_ref idref="fl-14"/>
      </object_component>
      <object_component id="oc-62c">
         <name>.text:DCC_enableErrorSignal</name>
         <load_address>0x84285</load_address>
         <run_address>0x84285</run_address>
         <size>0x16</size>
         <input_file_ref idref="fl-f"/>
      </object_component>
      <object_component id="oc-ae">
         <name>.text:Device_bootCM</name>
         <load_address>0x8429b</load_address>
         <run_address>0x8429b</run_address>
         <size>0x16</size>
         <input_file_ref idref="fl-6"/>
      </object_component>
      <object_component id="oc-6c0">
         <name>.text:EPWM_setSyncInPulseSource</name>
         <load_address>0x842b1</load_address>
         <run_address>0x842b1</run_address>
         <size>0x16</size>
         <input_file_ref idref="fl-4"/>
      </object_component>
      <object_component id="oc-340">
         <name>.text:INIT_RESONANT_RUN_enter</name>
         <load_address>0x842c7</load_address>
         <run_address>0x842c7</run_address>
         <size>0x16</size>
         <input_file_ref idref="fl-5"/>
      </object_component>
      <object_component id="oc-553">
         <name>.text:reset_first_order</name>
         <load_address>0x842dd</load_address>
         <run_address>0x842dd</run_address>
         <size>0x16</size>
         <input_file_ref idref="fl-1"/>
      </object_component>
      <object_component id="oc-234">
         <name>.text:GPIO_unlockPortConfig</name>
         <load_address>0x842f3</load_address>
         <run_address>0x842f3</run_address>
         <size>0x15</size>
         <input_file_ref idref="fl-6"/>
      </object_component>
      <object_component id="oc-388">
         <name>.text:TERMINATE_RESONANT_enter</name>
         <load_address>0x84308</load_address>
         <run_address>0x84308</run_address>
         <size>0x15</size>
         <input_file_ref idref="fl-5"/>
      </object_component>
      <object_component id="oc-280">
         <name>.text:ADC_clearInterruptStatus</name>
         <load_address>0x8431d</load_address>
         <run_address>0x8431d</run_address>
         <size>0x14</size>
         <input_file_ref idref="fl-1"/>
      </object_component>
      <object_component id="oc-3b0">
         <name>.text:ADC_forceMultipleSOC</name>
         <load_address>0x84331</load_address>
         <run_address>0x84331</run_address>
         <size>0x14</size>
         <input_file_ref idref="fl-1"/>
      </object_component>
      <object_component id="oc-602">
         <name>.text:DCC_disableModule</name>
         <load_address>0x84345</load_address>
         <run_address>0x84345</run_address>
         <size>0x14</size>
         <input_file_ref idref="fl-f"/>
      </object_component>
      <object_component id="oc-66d">
         <name>.text:DCC_disableModule</name>
         <load_address>0x84359</load_address>
         <run_address>0x84359</run_address>
         <size>0x14</size>
         <input_file_ref idref="fl-14"/>
      </object_component>
      <object_component id="oc-638">
         <name>.text:DCC_enableModule</name>
         <load_address>0x8436d</load_address>
         <run_address>0x8436d</run_address>
         <size>0x14</size>
         <input_file_ref idref="fl-f"/>
      </object_component>
      <object_component id="oc-697">
         <name>.text:DCC_enableModule</name>
         <load_address>0x84381</load_address>
         <run_address>0x84381</run_address>
         <size>0x14</size>
         <input_file_ref idref="fl-14"/>
      </object_component>
      <object_component id="oc-4ea">
         <name>.text:EPWM_setTimeBaseCounterMode</name>
         <load_address>0x84395</load_address>
         <run_address>0x84395</run_address>
         <size>0x14</size>
         <input_file_ref idref="fl-4"/>
      </object_component>
      <object_component id="oc-3f8">
         <name>.text:EPWM_setTimeBasePeriod</name>
         <load_address>0x843a9</load_address>
         <run_address>0x843a9</run_address>
         <size>0x14</size>
         <input_file_ref idref="fl-4"/>
      </object_component>
      <object_component id="oc-2e2">
         <name>.text:IPC_waitForAck</name>
         <load_address>0x843bd</load_address>
         <run_address>0x843bd</run_address>
         <size>0x14</size>
         <input_file_ref idref="fl-3"/>
      </object_component>
      <object_component id="oc-138">
         <name>.text:SysCtl_setEnetClk</name>
         <load_address>0x843d1</load_address>
         <run_address>0x843d1</run_address>
         <size>0x14</size>
         <input_file_ref idref="fl-3"/>
      </object_component>
      <object_component id="oc-265">
         <name>.text:ADC_enableConverter</name>
         <load_address>0x843e5</load_address>
         <run_address>0x843e5</run_address>
         <size>0x13</size>
         <input_file_ref idref="fl-1"/>
      </object_component>
      <object_component id="oc-2fc">
         <name>.text:CPUTimer_setEmulationMode</name>
         <load_address>0x843f8</load_address>
         <run_address>0x843f8</run_address>
         <size>0x13</size>
         <input_file_ref idref="fl-e"/>
      </object_component>
      <object_component id="oc-4b8">
         <name>.text:Device_enableUnbondedGPIOPullupsFor176Pin</name>
         <load_address>0x8440b</load_address>
         <run_address>0x8440b</run_address>
         <size>0x13</size>
         <input_file_ref idref="fl-6"/>
      </object_component>
      <object_component id="oc-114">
         <name>.text:IPC_sync</name>
         <load_address>0x8441e</load_address>
         <run_address>0x8441e</run_address>
         <size>0x13</size>
         <input_file_ref idref="fl-3"/>
      </object_component>
      <object_component id="oc-302">
         <name>.text:CPUTimer_enableInterrupt</name>
         <load_address>0x84431</load_address>
         <run_address>0x84431</run_address>
         <size>0x12</size>
         <input_file_ref idref="fl-2"/>
      </object_component>
      <object_component id="oc-126">
         <name>.text:CPUTimer_enableInterrupt</name>
         <load_address>0x84443</load_address>
         <run_address>0x84443</run_address>
         <size>0x12</size>
         <input_file_ref idref="fl-3"/>
      </object_component>
      <object_component id="oc-8b">
         <name>.text:CPUTimer_reloadTimerCounter</name>
         <load_address>0x84455</load_address>
         <run_address>0x84455</run_address>
         <size>0x12</size>
         <input_file_ref idref="fl-2"/>
      </object_component>
      <object_component id="oc-2f6">
         <name>.text:CPUTimer_stopTimer</name>
         <load_address>0x84467</load_address>
         <run_address>0x84467</run_address>
         <size>0x12</size>
         <input_file_ref idref="fl-2"/>
      </object_component>
      <object_component id="oc-4e4">
         <name>.text:EPWM_setTimeBaseCounter</name>
         <load_address>0x84479</load_address>
         <run_address>0x84479</run_address>
         <size>0x12</size>
         <input_file_ref idref="fl-4"/>
      </object_component>
      <object_component id="oc-2d6">
         <name>.text:IPC_waitForFlag</name>
         <load_address>0x8448b</load_address>
         <run_address>0x8448b</run_address>
         <size>0x12</size>
         <input_file_ref idref="fl-3"/>
      </object_component>
      <object_component id="oc-3a6">
         <name>.text:TERMINATE_REGULAR_exit</name>
         <load_address>0x8449d</load_address>
         <run_address>0x8449d</run_address>
         <size>0x12</size>
         <input_file_ref idref="fl-5"/>
      </object_component>
      <object_component id="oc-2ea">
         <name>.text:CPUTimer_setPeriod</name>
         <load_address>0x844af</load_address>
         <run_address>0x844af</run_address>
         <size>0x11</size>
         <input_file_ref idref="fl-2"/>
      </object_component>
      <object_component id="oc-23a">
         <name>.text:Device_enableUnbondedGPIOPullups</name>
         <load_address>0x844c0</load_address>
         <run_address>0x844c0</run_address>
         <size>0x11</size>
         <input_file_ref idref="fl-6"/>
      </object_component>
      <object_component id="oc-ea">
         <name>.text:EPWM_disablePhaseShiftLoad</name>
         <load_address>0x844d1</load_address>
         <run_address>0x844d1</run_address>
         <size>0x11</size>
         <input_file_ref idref="fl-3"/>
      </object_component>
      <object_component id="oc-6c6">
         <name>.text:EPWM_enablePhaseShiftLoad</name>
         <load_address>0x844e2</load_address>
         <run_address>0x844e2</run_address>
         <size>0x11</size>
         <input_file_ref idref="fl-4"/>
      </object_component>
      <object_component id="oc-35e">
         <name>.text:RUNNING_REGULAR_exit</name>
         <load_address>0x844f3</load_address>
         <run_address>0x844f3</run_address>
         <size>0x11</size>
         <input_file_ref idref="fl-5"/>
      </object_component>
      <object_component id="oc-1fa">
         <name>.text:SysCtl_setCMClk</name>
         <load_address>0x84504</load_address>
         <run_address>0x84504</run_address>
         <size>0x11</size>
         <input_file_ref idref="fl-6"/>
      </object_component>
      <object_component id="oc-436">
         <name>.text:Flash_isCtrlBaseValid</name>
         <load_address>0x84515</load_address>
         <run_address>0x84515</run_address>
         <size>0x10</size>
         <input_file_ref idref="fl-10"/>
      </object_component>
      <object_component id="oc-43d">
         <name>.text:Flash_isECCBaseValid</name>
         <load_address>0x84525</load_address>
         <run_address>0x84525</run_address>
         <size>0x10</size>
         <input_file_ref idref="fl-10"/>
      </object_component>
      <object_component id="oc-97">
         <name>.text:IPC_ackFlagRtoL</name>
         <load_address>0x84535</load_address>
         <run_address>0x84535</run_address>
         <size>0xf</size>
         <input_file_ref idref="fl-2"/>
      </object_component>
      <object_component id="oc-2dc">
         <name>.text:IPC_ackFlagRtoL</name>
         <load_address>0x84544</load_address>
         <run_address>0x84544</run_address>
         <size>0xf</size>
         <input_file_ref idref="fl-3"/>
      </object_component>
      <object_component id="oc-108">
         <name>.text:IPC_clearFlagLtoR</name>
         <load_address>0x84553</load_address>
         <run_address>0x84553</run_address>
         <size>0xf</size>
         <input_file_ref idref="fl-3"/>
      </object_component>
      <object_component id="oc-91">
         <name>.text:IPC_sendResponse</name>
         <load_address>0x84562</load_address>
         <run_address>0x84562</run_address>
         <size>0xf</size>
         <input_file_ref idref="fl-2"/>
      </object_component>
      <object_component id="oc-221">
         <name>.text:IPC_setFlagLtoR</name>
         <load_address>0x84571</load_address>
         <run_address>0x84571</run_address>
         <size>0xf</size>
         <input_file_ref idref="fl-6"/>
      </object_component>
      <object_component id="oc-2d0">
         <name>.text:IPC_setFlagLtoR</name>
         <load_address>0x84580</load_address>
         <run_address>0x84580</run_address>
         <size>0xf</size>
         <input_file_ref idref="fl-3"/>
      </object_component>
      <object_component id="oc-2c9">
         <name>.text:Interrupt_register</name>
         <load_address>0x8458f</load_address>
         <run_address>0x8458f</run_address>
         <size>0xf</size>
         <input_file_ref idref="fl-13"/>
      </object_component>
      <object_component id="oc-11a">
         <name>.text:Interrupt_register</name>
         <load_address>0x8459e</load_address>
         <run_address>0x8459e</run_address>
         <size>0xf</size>
         <input_file_ref idref="fl-3"/>
      </object_component>
      <object_component id="oc-562">
         <name>.text:reset_pid</name>
         <load_address>0x845ad</load_address>
         <run_address>0x845ad</run_address>
         <size>0xf</size>
         <input_file_ref idref="fl-1"/>
      </object_component>
      <object_component id="oc-241">
         <name>.text:GPIO_isPinValid</name>
         <load_address>0x845bc</load_address>
         <run_address>0x845bc</run_address>
         <size>0xe</size>
         <input_file_ref idref="fl-11"/>
      </object_component>
      <object_component id="oc-24b">
         <name>.text:GPIO_isPinValid</name>
         <load_address>0x845ca</load_address>
         <run_address>0x845ca</run_address>
         <size>0xe</size>
         <input_file_ref idref="fl-3"/>
      </object_component>
      <object_component id="oc-528">
         <name>.text:GPIO_isPinValid</name>
         <load_address>0x845d8</load_address>
         <run_address>0x845d8</run_address>
         <size>0xe</size>
         <input_file_ref idref="fl-4"/>
      </object_component>
      <object_component id="oc-54a">
         <name>.text:GPIO_isPinValid</name>
         <load_address>0x845e6</load_address>
         <run_address>0x845e6</run_address>
         <size>0xe</size>
         <input_file_ref idref="fl-5"/>
      </object_component>
      <object_component id="oc-2b4">
         <name>.text:Interrupt_defaultHandler</name>
         <load_address>0x845f4</load_address>
         <run_address>0x845f4</run_address>
         <size>0xe</size>
         <input_file_ref idref="fl-12"/>
      </object_component>
      <object_component id="oc-2ac">
         <name>.text:Interrupt_disableMaster</name>
         <load_address>0x84602</load_address>
         <run_address>0x84602</run_address>
         <size>0xd</size>
         <input_file_ref idref="fl-12"/>
      </object_component>
      <object_component id="oc-310">
         <name>.text:Interrupt_enableMaster</name>
         <load_address>0x8460f</load_address>
         <run_address>0x8460f</run_address>
         <size>0xd</size>
         <input_file_ref idref="fl-12"/>
      </object_component>
      <object_component id="oc-1ee">
         <name>.text:SysCtl_setLowSpeedClock</name>
         <load_address>0x8461c</load_address>
         <run_address>0x8461c</run_address>
         <size>0xd</size>
         <input_file_ref idref="fl-6"/>
      </object_component>
      <object_component id="oc-48f">
         <name>.text:SysCtl_setPLLSysClk</name>
         <load_address>0x84629</load_address>
         <run_address>0x84629</run_address>
         <size>0xc</size>
         <input_file_ref idref="fl-14"/>
      </object_component>
      <object_component id="oc-412">
         <name>.text</name>
         <load_address>0x84635</load_address>
         <run_address>0x84635</run_address>
         <size>0xc</size>
         <input_file_ref idref="fl-2b"/>
      </object_component>
      <object_component id="oc-22d">
         <name>.text:SysCtl_isCMReset</name>
         <load_address>0x84641</load_address>
         <run_address>0x84641</run_address>
         <size>0xb</size>
         <input_file_ref idref="fl-6"/>
      </object_component>
      <object_component id="oc-4af">
         <name>.text:SysCtl_isCMReset</name>
         <load_address>0x8464c</load_address>
         <run_address>0x8464c</run_address>
         <size>0xb</size>
         <input_file_ref idref="fl-14"/>
      </object_component>
      <object_component id="oc-483">
         <name>.text:SysCtl_isMCDClockFailureDetected</name>
         <load_address>0x84657</load_address>
         <run_address>0x84657</run_address>
         <size>0xb</size>
         <input_file_ref idref="fl-14"/>
      </object_component>
      <object_component id="oc-6ee">
         <name>.text</name>
         <load_address>0x84662</load_address>
         <run_address>0x84662</run_address>
         <size>0x9</size>
         <input_file_ref idref="fl-2a"/>
      </object_component>
      <object_component id="oc-1d6">
         <name>.text:SysCtl_disableWatchdog</name>
         <load_address>0x8466b</load_address>
         <run_address>0x8466b</run_address>
         <size>0x8</size>
         <input_file_ref idref="fl-6"/>
      </object_component>
      <object_component id="oc-23">
         <name>.text:decompress:none</name>
         <load_address>0x84673</load_address>
         <run_address>0x84673</run_address>
         <size>0x8</size>
         <input_file_ref idref="fl-27"/>
      </object_component>
      <object_component id="oc-64">
         <name>.text</name>
         <load_address>0x8467b</load_address>
         <run_address>0x8467b</run_address>
         <size>0x8</size>
         <input_file_ref idref="fl-7"/>
      </object_component>
      <object_component id="oc-34c">
         <name>.text:INIT_REGULAR_RUN_during</name>
         <load_address>0x84683</load_address>
         <run_address>0x84683</run_address>
         <size>0x7</size>
         <input_file_ref idref="fl-5"/>
      </object_component>
      <object_component id="oc-370">
         <name>.text:INIT_RESONANT_RUN_during</name>
         <load_address>0x8468a</load_address>
         <run_address>0x8468a</run_address>
         <size>0x7</size>
         <input_file_ref idref="fl-5"/>
      </object_component>
      <object_component id="oc-70c">
         <name>.text:SysCtl_resetMCD</name>
         <load_address>0x84691</load_address>
         <run_address>0x84691</run_address>
         <size>0x7</size>
         <input_file_ref idref="fl-14"/>
      </object_component>
      <object_component id="oc-3a0">
         <name>.text:TERMINATE_REGULAR_during</name>
         <load_address>0x84698</load_address>
         <run_address>0x84698</run_address>
         <size>0x7</size>
         <input_file_ref idref="fl-5"/>
      </object_component>
      <object_component id="oc-364">
         <name>.text:TERMINATE_REGULAR_enter</name>
         <load_address>0x8469f</load_address>
         <run_address>0x8469f</run_address>
         <size>0x7</size>
         <input_file_ref idref="fl-5"/>
      </object_component>
      <object_component id="oc-394">
         <name>.text:TERMINATE_RESONANT_during</name>
         <load_address>0x846a6</load_address>
         <run_address>0x846a6</run_address>
         <size>0x7</size>
         <input_file_ref idref="fl-5"/>
      </object_component>
      <object_component id="oc-1c7">
         <name>.text:__error__</name>
         <load_address>0x846ad</load_address>
         <run_address>0x846ad</run_address>
         <size>0x7</size>
         <input_file_ref idref="fl-6"/>
      </object_component>
      <object_component id="oc-19b">
         <name>.text</name>
         <load_address>0x846b4</load_address>
         <run_address>0x846b4</run_address>
         <size>0x7</size>
         <input_file_ref idref="fl-2c"/>
      </object_component>
      <object_component id="oc-9d">
         <name>.text:Interrupt_clearACKGroup</name>
         <load_address>0x846bb</load_address>
         <run_address>0x846bb</run_address>
         <size>0x6</size>
         <input_file_ref idref="fl-2"/>
      </object_component>
      <object_component id="oc-5e">
         <name>.text:decompress:ZI</name>
         <load_address>0x846c1</load_address>
         <run_address>0x846c1</run_address>
         <size>0x6</size>
         <input_file_ref idref="fl-26"/>
      </object_component>
      <object_component id="oc-346">
         <name>.text:BUCK_ENABLED_during</name>
         <load_address>0x846c7</load_address>
         <run_address>0x846c7</run_address>
         <size>0x4</size>
         <input_file_ref idref="fl-5"/>
      </object_component>
      <object_component id="oc-334">
         <name>.text:BUCK_ENABLED_exit</name>
         <load_address>0x846cb</load_address>
         <run_address>0x846cb</run_address>
         <size>0x4</size>
         <input_file_ref idref="fl-5"/>
      </object_component>
      <object_component id="oc-352">
         <name>.text:INIT_REGULAR_RUN_exit</name>
         <load_address>0x846cf</load_address>
         <run_address>0x846cf</run_address>
         <size>0x4</size>
         <input_file_ref idref="fl-5"/>
      </object_component>
      <object_component id="oc-376">
         <name>.text:INIT_RESONANT_RUN_exit</name>
         <load_address>0x846d3</load_address>
         <run_address>0x846d3</run_address>
         <size>0x4</size>
         <input_file_ref idref="fl-5"/>
      </object_component>
      <object_component id="oc-32e">
         <name>.text:READY_during</name>
         <load_address>0x846d7</load_address>
         <run_address>0x846d7</run_address>
         <size>0x4</size>
         <input_file_ref idref="fl-5"/>
      </object_component>
      <object_component id="oc-322">
         <name>.text:READY_exit</name>
         <load_address>0x846db</load_address>
         <run_address>0x846db</run_address>
         <size>0x4</size>
         <input_file_ref idref="fl-5"/>
      </object_component>
      <object_component id="oc-36a">
         <name>.text:RUNNING_REGULAR_during</name>
         <load_address>0x846df</load_address>
         <run_address>0x846df</run_address>
         <size>0x4</size>
         <input_file_ref idref="fl-5"/>
      </object_component>
      <object_component id="oc-38e">
         <name>.text:RUNNING_RESONANT_during</name>
         <load_address>0x846e3</load_address>
         <run_address>0x846e3</run_address>
         <size>0x4</size>
         <input_file_ref idref="fl-5"/>
      </object_component>
      <object_component id="oc-2c0">
         <name>.text:Interrupt_illegalOperationHandler</name>
         <load_address>0x846e7</load_address>
         <run_address>0x846e7</run_address>
         <size>0x2</size>
         <input_file_ref idref="fl-12"/>
      </object_component>
      <object_component id="oc-2ba">
         <name>.text:Interrupt_nmiHandler</name>
         <load_address>0x846e9</load_address>
         <run_address>0x846e9</run_address>
         <size>0x2</size>
         <input_file_ref idref="fl-12"/>
      </object_component>
      <object_component id="oc-40b">
         <name>.text</name>
         <load_address>0x846eb</load_address>
         <run_address>0x846eb</run_address>
         <size>0x2</size>
         <input_file_ref idref="fl-24"/>
      </object_component>
      <object_component id="oc-6d4">
         <name>.text</name>
         <load_address>0x846ed</load_address>
         <run_address>0x846ed</run_address>
         <size>0x1</size>
         <input_file_ref idref="fl-2e"/>
      </object_component>
      <object_component id="oc-771">
         <name>.cinit..data.load</name>
         <load_address>0x88000</load_address>
         <run_address>0x88000</run_address>
         <size>0x11d</size>
      </object_component>
      <object_component id="oc-76e">
         <name>__TI_handler_table</name>
         <load_address>0x8811e</load_address>
         <run_address>0x8811e</run_address>
         <size>0x6</size>
      </object_component>
      <object_component id="oc-777">
         <name>.cinit..bss.1.load</name>
         <load_address>0x88124</load_address>
         <run_address>0x88124</run_address>
         <size>0x4</size>
      </object_component>
      <object_component id="oc-778">
         <name>.cinit..bss.2.load</name>
         <load_address>0x88128</load_address>
         <run_address>0x88128</run_address>
         <size>0x4</size>
      </object_component>
      <object_component id="oc-76f">
         <name>__TI_cinit_table</name>
         <load_address>0x8812c</load_address>
         <run_address>0x8812c</run_address>
         <size>0xc</size>
      </object_component>
      <object_component id="oc-4d">
         <name>.stack</name>
         <uninitialized>true</uninitialized>
         <run_address>0x400</run_address>
         <size>0x0</size>
         <input_file_ref idref="fl-20"/>
      </object_component>
      <object_component id="oc-772">
         <name>.stack</name>
         <uninitialized>true</uninitialized>
         <run_address>0x400</run_address>
         <size>0x0</size>
      </object_component>
      <object_component id="oc-3cf">
         <name>.bss:buffer_i0s_fl</name>
         <uninitialized>true</uninitialized>
         <run_address>0x12000</run_address>
         <size>0x400</size>
         <input_file_ref idref="fl-1"/>
      </object_component>
      <object_component id="oc-3d2">
         <name>.bss:buffer_i1s_fl</name>
         <uninitialized>true</uninitialized>
         <run_address>0x12400</run_address>
         <size>0x400</size>
         <input_file_ref idref="fl-1"/>
      </object_component>
      <object_component id="oc-3d8">
         <name>.bss:buffer_i2s_fl</name>
         <uninitialized>true</uninitialized>
         <run_address>0x12800</run_address>
         <size>0x400</size>
         <input_file_ref idref="fl-1"/>
      </object_component>
      <object_component id="oc-3c9">
         <name>.bss:buffer_i0s</name>
         <uninitialized>true</uninitialized>
         <run_address>0x12c00</run_address>
         <size>0x200</size>
         <input_file_ref idref="fl-1"/>
      </object_component>
      <object_component id="oc-3cc">
         <name>.bss:buffer_i1s</name>
         <uninitialized>true</uninitialized>
         <run_address>0x12e00</run_address>
         <size>0x200</size>
         <input_file_ref idref="fl-1"/>
      </object_component>
      <object_component id="oc-3d5">
         <name>.bss:buffer_i2s</name>
         <uninitialized>true</uninitialized>
         <run_address>0x13000</run_address>
         <size>0x200</size>
         <input_file_ref idref="fl-1"/>
      </object_component>
      <object_component id="oc-70">
         <name>.bss</name>
         <uninitialized>true</uninitialized>
         <run_address>0x13200</run_address>
         <size>0xa4</size>
         <input_file_ref idref="fl-2"/>
      </object_component>
      <object_component id="oc-76">
         <name>.bss:fsm_req_flags_stop</name>
         <uninitialized>true</uninitialized>
         <run_address>0x132a4</run_address>
         <size>0x6</size>
         <input_file_ref idref="fl-5"/>
      </object_component>
      <object_component id="oc-3db">
         <name>.data</name>
         <load_address>0xaa1e</load_address>
         <run_address>0xaa1e</run_address>
         <size>0x1</size>
         <input_file_ref idref="fl-1"/>
      </object_component>
      <object_component id="oc-582">
         <name>.data:isensoroffsets</name>
         <load_address>0xa9f6</load_address>
         <run_address>0xa9f6</run_address>
         <size>0xc</size>
         <input_file_ref idref="fl-1"/>
      </object_component>
      <object_component id="oc-a3">
         <name>.data</name>
         <load_address>0xa800</load_address>
         <run_address>0xa800</run_address>
         <size>0x136</size>
         <input_file_ref idref="fl-2"/>
      </object_component>
      <object_component id="oc-7f">
         <name>.data:driver_channels</name>
         <load_address>0xa9ea</load_address>
         <run_address>0xa9ea</run_address>
         <size>0xc</size>
         <input_file_ref idref="fl-2"/>
      </object_component>
      <object_component id="oc-82">
         <name>.data:des_currents</name>
         <load_address>0xa9c6</load_address>
         <run_address>0xa9c6</run_address>
         <size>0xc</size>
         <input_file_ref idref="fl-2"/>
      </object_component>
      <object_component id="oc-85">
         <name>.data:des_duty_buck</name>
         <load_address>0xa9d2</load_address>
         <run_address>0xa9d2</run_address>
         <size>0xc</size>
         <input_file_ref idref="fl-2"/>
      </object_component>
      <object_component id="oc-88">
         <name>.data:des_freq_resonant_mhz</name>
         <load_address>0xa9de</load_address>
         <run_address>0xa9de</run_address>
         <size>0xc</size>
         <input_file_ref idref="fl-2"/>
      </object_component>
      <object_component id="oc-16c">
         <name>.data:current_pi</name>
         <load_address>0xa936</load_address>
         <run_address>0xa936</run_address>
         <size>0x48</size>
         <input_file_ref idref="fl-2"/>
      </object_component>
      <object_component id="oc-15c">
         <name>.data:des_duty_buck_filt</name>
         <load_address>0xa97e</load_address>
         <run_address>0xa97e</run_address>
         <size>0x48</size>
         <input_file_ref idref="fl-2"/>
      </object_component>
      <object_component id="oc-3ac">
         <name>.data</name>
         <load_address>0xaa1f</load_address>
         <run_address>0xaa1f</run_address>
         <size>0x1</size>
         <input_file_ref idref="fl-5"/>
      </object_component>
      <object_component id="oc-73">
         <name>.data:fsm_req_flags_en_buck</name>
         <load_address>0xaa02</load_address>
         <run_address>0xaa02</run_address>
         <size>0x6</size>
         <input_file_ref idref="fl-5"/>
      </object_component>
      <object_component id="oc-79">
         <name>.data:fsm_req_flags_run_regular</name>
         <load_address>0xaa08</load_address>
         <run_address>0xaa08</run_address>
         <size>0x6</size>
         <input_file_ref idref="fl-5"/>
      </object_component>
      <object_component id="oc-7c">
         <name>.data:fsm_req_flags_run_resonant</name>
         <load_address>0xaa0e</load_address>
         <run_address>0xaa0e</run_address>
         <size>0x6</size>
         <input_file_ref idref="fl-5"/>
      </object_component>
      <object_component id="oc-5d1">
         <name>.data</name>
         <load_address>0xaa14</load_address>
         <run_address>0xaa14</run_address>
         <size>0x6</size>
         <input_file_ref idref="fl-29"/>
      </object_component>
      <object_component id="oc-5d4">
         <name>.data:_lock</name>
         <load_address>0xaa1a</load_address>
         <run_address>0xaa1a</run_address>
         <size>0x2</size>
         <input_file_ref idref="fl-2a"/>
      </object_component>
      <object_component id="oc-72f">
         <name>.data:_unlock</name>
         <load_address>0xaa1c</load_address>
         <run_address>0xaa1c</run_address>
         <size>0x2</size>
         <input_file_ref idref="fl-2a"/>
      </object_component>
      <object_component id="oc-251">
         <name>.const:.string</name>
         <load_address>0x90000</load_address>
         <run_address>0x90000</run_address>
         <size>0xf3</size>
         <input_file_ref idref="fl-3"/>
      </object_component>
      <object_component id="oc-43c">
         <name>.const:.string</name>
         <load_address>0x900f4</load_address>
         <run_address>0x900f4</run_address>
         <size>0xec</size>
         <input_file_ref idref="fl-10"/>
      </object_component>
      <object_component id="oc-247">
         <name>.const:.string</name>
         <load_address>0x901e0</load_address>
         <run_address>0x901e0</run_address>
         <size>0xeb</size>
         <input_file_ref idref="fl-11"/>
      </object_component>
      <object_component id="oc-482">
         <name>.const:.string</name>
         <load_address>0x902cc</load_address>
         <run_address>0x902cc</run_address>
         <size>0xeb</size>
         <input_file_ref idref="fl-14"/>
      </object_component>
      <object_component id="oc-5f5">
         <name>.const:.string</name>
         <load_address>0x903b8</load_address>
         <run_address>0x903b8</run_address>
         <size>0xe8</size>
         <input_file_ref idref="fl-f"/>
      </object_component>
      <object_component id="oc-522">
         <name>.const:.string</name>
         <load_address>0x904a0</load_address>
         <run_address>0x904a0</run_address>
         <size>0x9f</size>
         <input_file_ref idref="fl-4"/>
      </object_component>
      <object_component id="oc-1a8">
         <name>.const:IPC_Instance</name>
         <load_address>0x90540</load_address>
         <run_address>0x90540</run_address>
         <size>0x88</size>
         <input_file_ref idref="fl-13"/>
      </object_component>
      <object_component id="oc-544">
         <name>.const:.string</name>
         <load_address>0x905c8</load_address>
         <run_address>0x905c8</run_address>
         <size>0x79</size>
         <input_file_ref idref="fl-e"/>
      </object_component>
      <object_component id="oc-4d2">
         <name>.const:.string</name>
         <load_address>0x90642</load_address>
         <run_address>0x90642</run_address>
         <size>0x74</size>
         <input_file_ref idref="fl-d"/>
      </object_component>
      <object_component id="oc-2c8">
         <name>.const:.string</name>
         <load_address>0x906b6</load_address>
         <run_address>0x906b6</run_address>
         <size>0x74</size>
         <input_file_ref idref="fl-13"/>
      </object_component>
      <object_component id="oc-206">
         <name>.const:.string</name>
         <load_address>0x9072a</load_address>
         <run_address>0x9072a</run_address>
         <size>0x61</size>
         <input_file_ref idref="fl-6"/>
      </object_component>
      <object_component id="oc-1c6">
         <name>.const:.string</name>
         <load_address>0x9078c</load_address>
         <run_address>0x9078c</run_address>
         <size>0x53</size>
         <input_file_ref idref="fl-2"/>
      </object_component>
      <object_component id="oc-550">
         <name>.const:.string</name>
         <load_address>0x907e0</load_address>
         <run_address>0x907e0</run_address>
         <size>0x4f</size>
         <input_file_ref idref="fl-5"/>
      </object_component>
      <object_component id="oc-4ca">
         <name>.const:.string</name>
         <load_address>0x90830</load_address>
         <run_address>0x90830</run_address>
         <size>0x4e</size>
         <input_file_ref idref="fl-1"/>
      </object_component>
      <object_component id="oc-585">
         <name>.const</name>
         <load_address>0x9087e</load_address>
         <run_address>0x9087e</run_address>
         <size>0x2</size>
         <input_file_ref idref="fl-1"/>
      </object_component>
      <object_component id="oc-41f">
         <name>MSGRAM_CPU1_TO_CPU2</name>
         <uninitialized>true</uninitialized>
         <run_address>0x3a000</run_address>
         <size>0x88</size>
         <input_file_ref idref="fl-13"/>
      </object_component>
      <object_component id="oc-422">
         <name>MSGRAM_CPU2_TO_CPU1</name>
         <uninitialized>true</uninitialized>
         <run_address>0x3b000</run_address>
         <size>0x88</size>
         <input_file_ref idref="fl-13"/>
      </object_component>
      <object_component id="oc-425">
         <name>MSGRAM_CPU_TO_CM</name>
         <uninitialized>true</uninitialized>
         <run_address>0x39000</run_address>
         <size>0x88</size>
         <input_file_ref idref="fl-13"/>
      </object_component>
      <object_component id="oc-428">
         <name>MSGRAM_CM_TO_CPU</name>
         <uninitialized>true</uninitialized>
         <run_address>0x38000</run_address>
         <size>0x88</size>
         <input_file_ref idref="fl-13"/>
      </object_component>
      <object_component id="oc-1dc">
         <name>.TI.ramfunc:Flash_initModule</name>
         <load_address>0x86000</load_address>
         <run_address>0x8000</run_address>
         <size>0x3f</size>
         <input_file_ref idref="fl-10"/>
      </object_component>
      <object_component id="oc-443">
         <name>.TI.ramfunc:Flash_setBankPowerMode</name>
         <load_address>0x8603f</load_address>
         <run_address>0x803f</run_address>
         <size>0x2d</size>
         <input_file_ref idref="fl-10"/>
      </object_component>
      <object_component id="oc-45b">
         <name>.TI.ramfunc:Flash_setWaitstates</name>
         <load_address>0x8606c</load_address>
         <run_address>0x806c</run_address>
         <size>0x26</size>
         <input_file_ref idref="fl-10"/>
      </object_component>
      <object_component id="oc-449">
         <name>.TI.ramfunc:Flash_setPumpPowerMode</name>
         <load_address>0x86092</load_address>
         <run_address>0x8092</run_address>
         <size>0x1e</size>
         <input_file_ref idref="fl-10"/>
      </object_component>
      <object_component id="oc-44f">
         <name>.TI.ramfunc:Flash_disableCache</name>
         <load_address>0x860b0</load_address>
         <run_address>0x80b0</run_address>
         <size>0x1a</size>
         <input_file_ref idref="fl-10"/>
      </object_component>
      <object_component id="oc-455">
         <name>.TI.ramfunc:Flash_disablePrefetch</name>
         <load_address>0x860ca</load_address>
         <run_address>0x80ca</run_address>
         <size>0x1a</size>
         <input_file_ref idref="fl-10"/>
      </object_component>
      <object_component id="oc-461">
         <name>.TI.ramfunc:Flash_enableCache</name>
         <load_address>0x860e4</load_address>
         <run_address>0x80e4</run_address>
         <size>0x19</size>
         <input_file_ref idref="fl-10"/>
      </object_component>
      <object_component id="oc-467">
         <name>.TI.ramfunc:Flash_enablePrefetch</name>
         <load_address>0x860fd</load_address>
         <run_address>0x80fd</run_address>
         <size>0x19</size>
         <input_file_ref idref="fl-10"/>
      </object_component>
      <object_component id="oc-46d">
         <name>.TI.ramfunc:Flash_enableECC</name>
         <load_address>0x86116</load_address>
         <run_address>0x8116</run_address>
         <size>0x17</size>
         <input_file_ref idref="fl-10"/>
      </object_component>
      <object_component id="oc-26b">
         <name>.TI.ramfunc</name>
         <load_address>0x8612d</load_address>
         <run_address>0x812d</run_address>
         <size>0x4</size>
         <input_file_ref idref="fl-14"/>
      </object_component>
      <object_component id="oc-26d">
         <name>.debug_types</name>
         <load_address>0x0</load_address>
         <run_address>0x0</run_address>
         <size>0x1491</size>
         <input_file_ref idref="fl-1"/>
      </object_component>
      <object_component id="oc-a7">
         <name>.debug_types</name>
         <load_address>0x1491</load_address>
         <run_address>0x1491</run_address>
         <size>0x156a</size>
         <input_file_ref idref="fl-2"/>
      </object_component>
      <object_component id="oc-18e">
         <name>.debug_types</name>
         <load_address>0x29fb</load_address>
         <run_address>0x29fb</run_address>
         <size>0x47e</size>
         <input_file_ref idref="fl-3"/>
      </object_component>
      <object_component id="oc-29a">
         <name>.debug_types</name>
         <load_address>0x2e79</load_address>
         <run_address>0x2e79</run_address>
         <size>0x10b1</size>
         <input_file_ref idref="fl-4"/>
      </object_component>
      <object_component id="oc-1b1">
         <name>.debug_types</name>
         <load_address>0x3f2a</load_address>
         <run_address>0x3f2a</run_address>
         <size>0x1a0</size>
         <input_file_ref idref="fl-5"/>
      </object_component>
      <object_component id="oc-21a">
         <name>.debug_types</name>
         <load_address>0x40ca</load_address>
         <run_address>0x40ca</run_address>
         <size>0x1395</size>
         <input_file_ref idref="fl-6"/>
      </object_component>
      <object_component id="oc-4d4">
         <name>.debug_types</name>
         <load_address>0x545f</load_address>
         <run_address>0x545f</run_address>
         <size>0x12c</size>
         <input_file_ref idref="fl-d"/>
      </object_component>
      <object_component id="oc-546">
         <name>.debug_types</name>
         <load_address>0x0</load_address>
         <run_address>0x0</run_address>
         <size>0x0</size>
         <input_file_ref idref="fl-e"/>
      </object_component>
      <object_component id="oc-64b">
         <name>.debug_types</name>
         <load_address>0x558b</load_address>
         <run_address>0x558b</run_address>
         <size>0xa2</size>
         <input_file_ref idref="fl-f"/>
      </object_component>
[...]
      <symbol id="sm-1e4">
         <name>system_dyn_state_filtered</name>
         <value>0x13280</value>
         <object_component_ref idref="oc-70"/>
      </symbol>
      <symbol id="sm-1e5">
         <name>cpuTimer2IntCount</name>
         <value>0x13202</value>
         <object_component_ref idref="oc-70"/>
      </symbol>
      <symbol id="sm-1e6">
         <name>chb_buck</name>
         <value>0xa85a</value>
         <object_component_ref idref="oc-a3"/>
      </symbol>
      <symbol id="sm-1e7">
         <name>chc_buck</name>
         <value>0xa86a</value>
         <object_component_ref idref="oc-a3"/>
      </symbol>
      <symbol id="sm-1e8">
         <name>cha_buck</name>
         <value>0xa84a</value>
         <object_component_ref idref="oc-a3"/>
      </symbol>
      <symbol id="sm-1e9">
         <name>chf_buck</name>
         <value>0xa8a0</value>
         <object_component_ref idref="oc-a3"/>
      </symbol>
      <symbol id="sm-1ea">
         <name>chd_buck</name>
         <value>0xa880</value>
         <object_component_ref idref="oc-a3"/>
      </symbol>
      <symbol id="sm-1eb">
         <name>che_buck</name>
         <value>0xa890</value>
         <object_component_ref idref="oc-a3"/>
      </symbol>
      <symbol id="sm-1ec">
         <name>chd_bridge</name>
         <value>0xa900</value>
         <object_component_ref idref="oc-a3"/>
      </symbol>
      <symbol id="sm-1ed">
         <name>IPC_ISR0</name>
         <value>0x8252e</value>
         <object_component_ref idref="oc-35"/>
      </symbol>
      <symbol id="sm-1ee">
         <name>cha_bridge</name>
         <value>0xa8c0</value>
         <object_component_ref idref="oc-a3"/>
      </symbol>
      <symbol id="sm-1ef">
         <name>enable_res_cap_a</name>
         <value>0xa802</value>
         <object_component_ref idref="oc-a3"/>
      </symbol>
      <symbol id="sm-1f0">
         <name>enable_res_cap_c</name>
         <value>0xa806</value>
         <object_component_ref idref="oc-a3"/>
      </symbol>
      <symbol id="sm-1f1">
         <name>enable_res_cap_b</name>
         <value>0xa804</value>
         <object_component_ref idref="oc-a3"/>
      </symbol>
      <symbol id="sm-1f2">
         <name>cpuTimer0IntCount</name>
         <value>0x13200</value>
         <object_component_ref idref="oc-70"/>
      </symbol>
      <symbol id="sm-1f3">
         <name>system_dyn_state</name>
         <value>0x13240</value>
         <object_component_ref idref="oc-70"/>
      </symbol>
      <symbol id="sm-1f4">
         <name>current_pi</name>
         <value>0xa936</value>
         <object_component_ref idref="oc-16c"/>
      </symbol>
      <symbol id="sm-1f5">
         <name>communication_active</name>
         <value>0xa801</value>
         <object_component_ref idref="oc-a3"/>
      </symbol>
      <symbol id="sm-1f6">
         <name>ipc_tnb_mns_msg_c2000</name>
         <value>0x13204</value>
         <object_component_ref idref="oc-70"/>
      </symbol>
      <symbol id="sm-1f7">
         <name>run_main_task</name>
         <value>0xa800</value>
         <object_component_ref idref="oc-a3"/>
      </symbol>
      <symbol id="sm-1f8">
         <name>des_currents</name>
         <value>0xa9c6</value>
         <object_component_ref idref="oc-82"/>
      </symbol>
      <symbol id="sm-2d0">
         <name>main</name>
         <value>0x82000</value>
         <object_component_ref idref="oc-3b"/>
      </symbol>
      <symbol id="sm-3ef">
         <name>set_enabled</name>
         <value>0x83b4e</value>
         <object_component_ref idref="oc-f6"/>
      </symbol>
      <symbol id="sm-3f0">
         <name>synchronize_pwm_tochannel0</name>
         <value>0x83b79</value>
         <object_component_ref idref="oc-56f"/>
      </symbol>
      <symbol id="sm-3f1">
         <name>set_duty_bridge</name>
         <value>0x83af8</value>
         <object_component_ref idref="oc-17b"/>
      </symbol>
      <symbol id="sm-3f2">
         <name>set_freq_bridge</name>
         <value>0x82ec2</value>
         <object_component_ref idref="oc-181"/>
      </symbol>
      <symbol id="sm-3f3">
         <name>init_epwm</name>
         <value>0x832fa</value>
         <object_component_ref idref="oc-287"/>
      </symbol>
      <symbol id="sm-3f4">
         <name>setup_pin_config_buck</name>
         <value>0x83519</value>
         <object_component_ref idref="oc-d8"/>
      </symbol>
      <symbol id="sm-3f5">
         <name>set_duty_buck</name>
         <value>0x83b23</value>
         <object_component_ref idref="oc-166"/>
      </symbol>
      <symbol id="sm-3f6">
         <name>setup_epwm_deadband</name>
         <value>0x83a14</value>
         <object_component_ref idref="oc-28d"/>
      </symbol>
      <symbol id="sm-3f7">
         <name>setup_pinmux_config_bridge</name>
         <value>0x8334c</value>
         <object_component_ref idref="oc-de"/>
      </symbol>
      <symbol id="sm-4f5">
         <name>RUNNING_RESONANT_exit</name>
         <value>0x84103</value>
         <object_component_ref idref="oc-382"/>
      </symbol>
      <symbol id="sm-4f6">
         <name>fsm_aux_counter</name>
         <value>0xaa1f</value>
         <object_component_ref idref="oc-3ac"/>
      </symbol>
      <symbol id="sm-4f7">
         <name>BUCK_ENABLED_during</name>
         <value>0x846c7</value>
         <object_component_ref idref="oc-346"/>
      </symbol>
      <symbol id="sm-4f8">
         <name>TERMINATE_RESONANT_during</name>
         <value>0x846a6</value>
         <object_component_ref idref="oc-394"/>
      </symbol>
      <symbol id="sm-4f9">
         <name>BUCK_ENABLED_exit</name>
         <value>0x846cb</value>
         <object_component_ref idref="oc-334"/>
      </symbol>
      <symbol id="sm-4fa">
         <name>fsm_req_flags_run_regular</name>
         <value>0xaa08</value>
         <object_component_ref idref="oc-79"/>
      </symbol>
      <symbol id="sm-4fb">
         <name>INIT_RESONANT_RUN_enter</name>
         <value>0x842c7</value>
         <object_component_ref idref="oc-340"/>
      </symbol>
      <symbol id="sm-4fc">
         <name>TERMINATE_REGULAR_during</name>
         <value>0x84698</value>
         <object_component_ref idref="oc-3a0"/>
      </symbol>
      <symbol id="sm-4fd">
         <name>RUNNING_RESONANT_during</name>
         <value>0x846e3</value>
         <object_component_ref idref="oc-38e"/>
      </symbol>
      <symbol id="sm-4fe">
         <name>INIT_REGULAR_RUN_during</name>
         <value>0x84683</value>
         <object_component_ref idref="oc-34c"/>
      </symbol>
      <symbol id="sm-4ff">
         <name>INIT_REGULAR_RUN_exit</name>
         <value>0x846cf</value>
         <object_component_ref idref="oc-352"/>
      </symbol>
      <symbol id="sm-500">
         <name>INIT_RESONANT_RUN_during</name>
         <value>0x8468a</value>
         <object_component_ref idref="oc-370"/>
      </symbol>
      <symbol id="sm-501">
         <name>run_channel_fsm</name>
         <value>0x82c5e</value>
         <object_component_ref idref="oc-150"/>
      </symbol>
      <symbol id="sm-502">
         <name>INIT_REGULAR_RUN_enter</name>
         <value>0x83d47</value>
         <object_component_ref idref="oc-33a"/>
      </symbol>
      <symbol id="sm-503">
         <name>TERMINATE_RESONANT_enter</name>
         <value>0x84308</value>
         <object_component_ref idref="oc-388"/>
      </symbol>
      <symbol id="sm-504">
         <name>RUNNING_REGULAR_exit</name>
         <value>0x844f3</value>
         <object_component_ref idref="oc-35e"/>
      </symbol>
      <symbol id="sm-505">
         <name>BUCK_ENABLED_enter</name>
         <value>0x83bce</value>
         <object_component_ref idref="oc-328"/>
      </symbol>
      <symbol id="sm-506">
         <name>TERMINATE_REGULAR_exit</name>
         <value>0x8449d</value>
         <object_component_ref idref="oc-3a6"/>
      </symbol>
      <symbol id="sm-507">
         <name>READY_enter</name>
         <value>0x8377c</value>
         <object_component_ref idref="oc-144"/>
      </symbol>
      <symbol id="sm-508">
         <name>fsm_req_flags_stop</name>
         <value>0x132a4</value>
         <object_component_ref idref="oc-76"/>
      </symbol>
      <symbol id="sm-509">
         <name>INIT_RESONANT_RUN_exit</name>
         <value>0x846d3</value>
         <object_component_ref idref="oc-376"/>
      </symbol>
      <symbol id="sm-50a">
         <name>TERMINATE_RESONANT_exit</name>
         <value>0x83f01</value>
         <object_component_ref idref="oc-39a"/>
      </symbol>
      <symbol id="sm-50b">
         <name>READY_exit</name>
         <value>0x846db</value>
         <object_component_ref idref="oc-322"/>
      </symbol>
      <symbol id="sm-50c">
         <name>RUNNING_REGULAR_enter</name>
         <value>0x8397d</value>
         <object_component_ref idref="oc-358"/>
      </symbol>
      <symbol id="sm-50d">
         <name>TERMINATE_REGULAR_enter</name>
         <value>0x8469f</value>
         <object_component_ref idref="oc-364"/>
      </symbol>
      <symbol id="sm-50e">
         <name>RUNNING_REGULAR_during</name>
         <value>0x846df</value>
         <object_component_ref idref="oc-36a"/>
      </symbol>
      <symbol id="sm-50f">
         <name>fsm_req_flags_en_buck</name>
         <value>0xaa02</value>
         <object_component_ref idref="oc-73"/>
      </symbol>
      <symbol id="sm-510">
         <name>READY_during</name>
         <value>0x846d7</value>
         <object_component_ref idref="oc-32e"/>
      </symbol>
      <symbol id="sm-511">
         <name>fsm_req_flags_run_resonant</name>
         <value>0xaa0e</value>
         <object_component_ref idref="oc-7c"/>
      </symbol>
      <symbol id="sm-512">
         <name>RUNNING_RESONANT_enter</name>
         <value>0x83d6a</value>
         <object_component_ref idref="oc-37c"/>
      </symbol>
      <symbol id="sm-59d">
         <name>Device_enableAllPeripherals</name>
         <value>0x826a4</value>
         <object_component_ref idref="oc-213"/>
      </symbol>
      <symbol id="sm-59e">
         <name>Device_verifyXTAL</name>
         <value>0x83ea7</value>
         <object_component_ref idref="oc-1e2"/>
      </symbol>
      <symbol id="sm-59f">
         <name>Device_initGPIO</name>
         <value>0x83d8d</value>
         <object_component_ref idref="oc-b4"/>
      </symbol>
      <symbol id="sm-5a0">
         <name>Device_init</name>
         <value>0x830cc</value>
         <object_component_ref idref="oc-a8"/>
      </symbol>
      <symbol id="sm-5a1">
         <name>Device_bootCM</name>
         <value>0x8429b</value>
         <object_component_ref idref="oc-ae"/>
      </symbol>
      <symbol id="sm-5a2">
         <name>Device_enableUnbondedGPIOPullups</name>
         <value>0x844c0</value>
         <object_component_ref idref="oc-23a"/>
      </symbol>
      <symbol id="sm-5a3">
         <name>__error__</name>
         <value>0x846ad</value>
         <object_component_ref idref="oc-1c7"/>
      </symbol>
      <symbol id="sm-5a4">
         <name>Device_enableUnbondedGPIOPullupsFor176Pin</name>
         <value>0x8440b</value>
         <object_component_ref idref="oc-4b8"/>
      </symbol>
      <symbol id="sm-5b3">
         <name>code_start</name>
         <value>0x80000</value>
         <object_component_ref idref="oc-2a"/>
      </symbol>
      <symbol id="sm-5df">
         <name>ADC_setMode</name>
         <value>0x82e14</value>
         <object_component_ref idref="oc-259"/>
      </symbol>
      <symbol id="sm-5f9">
         <name>CPUTimer_setEmulationMode</name>
         <value>0x843f8</value>
         <object_component_ref idref="oc-2fc"/>
      </symbol>
      <symbol id="sm-6a3">
         <name>DCC_verifyClockFrequency</name>
         <value>0x82d4b</value>
         <object_component_ref idref="oc-47b"/>
      </symbol>
      <symbol id="sm-713">
         <name>Flash_initModule</name>
         <value>0x8000</value>
         <object_component_ref idref="oc-1dc"/>
      </symbol>
      <symbol id="sm-745">
         <name>GPIO_setPadConfig</name>
         <value>0x832a8</value>
         <object_component_ref idref="oc-c0"/>
      </symbol>
      <symbol id="sm-746">
         <name>GPIO_setDirectionMode</name>
         <value>0x839e3</value>
         <object_component_ref idref="oc-ba"/>
      </symbol>
      <symbol id="sm-747">
         <name>GPIO_setPinConfig</name>
         <value>0x838a5</value>
         <object_component_ref idref="oc-13e"/>
      </symbol>
      <symbol id="sm-799">
         <name>Interrupt_initModule</name>
         <value>0x837ba</value>
         <object_component_ref idref="oc-fc"/>
      </symbol>
      <symbol id="sm-79a">
         <name>Interrupt_enable</name>
         <value>0x83949</value>
         <object_component_ref idref="oc-12c"/>
      </symbol>
      <symbol id="sm-79b">
         <name>Interrupt_initVectorTable</name>
         <value>0x83dce</value>
         <object_component_ref idref="oc-102"/>
      </symbol>
      <symbol id="sm-7da">
         <name>IPC_registerInterrupt</name>
         <value>0x838dc</value>
         <object_component_ref idref="oc-10e"/>
      </symbol>
      <symbol id="sm-7db">
         <name>IPC_CPU_To_CM_GetBuffer</name>
         <value>0x38000</value>
         <object_component_ref idref="oc-428"/>
      </symbol>
      <symbol id="sm-7dc">
         <name>IPC_CPU1_To_CPU2_GetBuffer</name>
         <value>0x3b000</value>
         <object_component_ref idref="oc-422"/>
      </symbol>
      <symbol id="sm-7dd">
         <name>IPC_CPU1_To_CPU2_PutBuffer</name>
         <value>0x3a000</value>
         <object_component_ref idref="oc-41f"/>
      </symbol>
      <symbol id="sm-7de">
         <name>IPC_CPU_To_CM_PutBuffer</name>
         <value>0x39000</value>
         <object_component_ref idref="oc-425"/>
      </symbol>
      <symbol id="sm-7df">
         <name>IPC_Instance</name>
         <value>0x90540</value>
         <object_component_ref idref="oc-1a8"/>
      </symbol>
      <symbol id="sm-7e0">
         <name>IPC_readCommand</name>
         <value>0x834cf</value>
         <object_component_ref idref="oc-6a"/>
      </symbol>
      <symbol id="sm-935">
         <name>SysCtl_isPLLValid</name>
         <value>0x82a5a</value>
         <object_component_ref idref="oc-495"/>
      </symbol>
      <symbol id="sm-936">
         <name>SysCtl_delay</name>
         <value>0x812d</value>
         <object_component_ref idref="oc-26b"/>
      </symbol>
      <symbol id="sm-937">
         <name>SysCtl_getAuxClock</name>
         <value>0x83137</value>
         <object_component_ref idref="oc-20d"/>
      </symbol>
      <symbol id="sm-938">
         <name>SysCtl_selectXTALSingleEnded</name>
         <value>0x8409f</value>
         <object_component_ref idref="oc-653"/>
      </symbol>
      <symbol id="sm-939">
         <name>SysCtl_selectXTAL</name>
         <value>0x83d00</value>
         <object_component_ref idref="oc-64d"/>
      </symbol>
      <symbol id="sm-93a">
         <name>SysCtl_selectOscSource</name>
         <value>0x83254</value>
         <object_component_ref idref="oc-489"/>
      </symbol>
      <symbol id="sm-93b">
         <name>SysCtl_getLowSpeedClock</name>
         <value>0x84085</value>
         <object_component_ref idref="oc-207"/>
      </symbol>
      <symbol id="sm-93c">
         <name>SysCtl_controlCMReset</name>
         <value>0x83cb7</value>
         <object_component_ref idref="oc-227"/>
      </symbol>
      <symbol id="sm-93d">
         <name>SysCtl_setClock</name>
         <value>0x8280b</value>
         <object_component_ref idref="oc-1e8"/>
      </symbol>
      <symbol id="sm-93e">
         <name>SysCtl_getClock</name>
         <value>0x8319e</value>
         <object_component_ref idref="oc-200"/>
      </symbol>
      <symbol id="sm-93f">
         <name>SysCtl_selectOscSourceAuxPLL</name>
         <value>0x83562</value>
         <object_component_ref idref="oc-49e"/>
      </symbol>
      <symbol id="sm-940">
         <name>SysCtl_setAuxClock</name>
         <value>0x82943</value>
         <object_component_ref idref="oc-1f4"/>
      </symbol>
      <symbol id="sm-94a">
         <name>_c_int00</name>
         <value>0x840d2</value>
         <object_component_ref idref="oc-1a2"/>
      </symbol>
      <symbol id="sm-94b">
         <name>__stack</name>
         <value>0x400</value>
         <object_component_ref idref="oc-4d"/>
      </symbol>
      <symbol id="sm-958">
         <name>__c28xabi_divf</name>
         <value>0x82f50</value>
         <object_component_ref idref="oc-176"/>
      </symbol>
      <symbol id="sm-96b">
         <name>memcpy</name>
         <value>0x83fcd</value>
         <object_component_ref idref="oc-50"/>
      </symbol>
      <symbol id="sm-978">
         <name>_system_pre_init</name>
         <value>0x846eb</value>
         <object_component_ref idref="oc-40b"/>
      </symbol>
      <symbol id="sm-987">
         <name>__TI_auto_init_nobinit_nopinit</name>
         <value>0x83acd</value>
         <object_component_ref idref="oc-59f"/>
      </symbol>
      <symbol id="sm-994">
         <name>__TI_zero_init</name>
         <value>0x846c1</value>
         <object_component_ref idref="oc-5e"/>
      </symbol>
      <symbol id="sm-9a1">
         <name>__TI_decompress_none</name>
         <value>0x84673</value>
         <object_component_ref idref="oc-23"/>
      </symbol>
      <symbol id="sm-9b5">
         <name>__TI_decompress_lzss</name>
         <value>0x83a73</value>
         <object_component_ref idref="oc-1d"/>
      </symbol>
      <symbol id="sm-9cb">
         <name>C$$EXIT</name>
         <value>0x83bf7</value>
         <object_component_ref idref="oc-418"/>
      </symbol>
      <symbol id="sm-9cc">
         <name>abort</name>
         <value>0x83bf7</value>
         <object_component_ref idref="oc-418"/>
      </symbol>
      <symbol id="sm-9cd">
         <name>exit</name>
         <value>0x83bf9</value>
         <object_component_ref idref="oc-418"/>
      </symbol>
      <symbol id="sm-9ce">
         <name>__TI_dtors_ptr</name>
         <value>0xaa18</value>
         <object_component_ref idref="oc-5d1"/>
      </symbol>
      <symbol id="sm-9cf">
         <name>__TI_cleanup_ptr</name>
         <value>0xaa16</value>
         <object_component_ref idref="oc-5d1"/>
      </symbol>
      <symbol id="sm-9d0">
         <name>__TI_enable_exit_profile_output</name>
         <value>0xaa14</value>
         <object_component_ref idref="oc-5d1"/>
      </symbol>
      <symbol id="sm-9e7">
         <name>_nop</name>
         <value>0x8466a</value>
         <object_component_ref idref="oc-6ee"/>
      </symbol>
      <symbol id="sm-9e8">
         <name>_lock</name>
         <value>0xaa1a</value>
         <object_component_ref idref="oc-5d4"/>
      </symbol>
      <symbol id="sm-9e9">
         <name>_unlock</name>
         <value>0xaa1c</value>
         <object_component_ref idref="oc-72f"/>
      </symbol>
      <symbol id="sm-9ea">
         <name>_register_lock</name>
         <value>0x84666</value>
         <object_component_ref idref="oc-6ee"/>
      </symbol>
      <symbol id="sm-9eb">
         <name>_register_unlock</name>
         <value>0x84662</value>
         <object_component_ref idref="oc-6ee"/>
      </symbol>
      <symbol id="sm-9fa">
         <name>_args_main</name>
         <value>0x84635</value>
         <object_component_ref idref="oc-412"/>
      </symbol>
      <symbol id="sm-a09">
         <name>memset</name>
         <value>0x846b4</value>
         <object_component_ref idref="oc-19b"/>
      </symbol>
      <symbol id="sm-a17">
         <name>_system_post_cinit</name>
         <value>0x846ed</value>
         <object_component_ref idref="oc-6d4"/>
      </symbol>
      <symbol id="sm-a19">
         <name>__c_args__</name>
         <value>0x0</value>
      </symbol>
   </symbol_table>
   <title>Link successful</title>
</link_info>
