<?xml version="1.0" encoding="ISO-8859-1" ?>
<link_info>
   <banner>TMS320C2000 Linker Unix v22.6.0.LTS</banner>
   <copyright>Copyright (c) 1996-2018 Texas Instruments Incorporated</copyright>
   <link_time>0x6495bb7a</link_time>
   <link_errors>0x0</link_errors>
   <output_file>tnb_mns_cpu1.out</output_file>
   <entry_point>
      <name>code_start</name>
      <address>0x80000</address>
   </entry_point>
   <input_file_list>
      <input_file id="fl-1">
         <path>./</path>
         <kind>object</kind>
         <file>tnb_mns_adc.obj</file>
         <name>tnb_mns_adc.obj</name>
      </input_file>
      <input_file id="fl-2">
         <path>./</path>
         <kind>object</kind>
         <file>tnb_mns_cpu1.obj</file>
         <name>tnb_mns_cpu1.obj</name>
      </input_file>
      <input_file id="fl-3">
         <path>./</path>
         <kind>object</kind>
         <file>tnb_mns_cpu1_main.obj</file>
         <name>tnb_mns_cpu1_main.obj</name>
      </input_file>
      <input_file id="fl-4">
         <path>./</path>
         <kind>object</kind>
         <file>tnb_mns_epwm.obj</file>
         <name>tnb_mns_epwm.obj</name>
      </input_file>
      <input_file id="fl-5">
         <path>./</path>
         <kind>object</kind>
         <file>tnb_mns_fsm.obj</file>
         <name>tnb_mns_fsm.obj</name>
      </input_file>
      <input_file id="fl-6">
         <path>./device/</path>
         <kind>object</kind>
         <file>device.obj</file>
         <name>device.obj</name>
      </input_file>
      <input_file id="fl-7">
         <path>./device/</path>
         <kind>object</kind>
         <file>f2838x_codestartbranch.obj</file>
         <name>f2838x_codestartbranch.obj</name>
      </input_file>
      <input_file id="fl-c">
         <kind>object</kind>
         <file>&lt;internal&gt;</file>
         <name>&lt;internal&gt;</name>
      </input_file>
      <input_file id="fl-d">
         <path>/home/dvarx/ti/C2000Ware_3_04_00_00_Software/driverlib/f2838x/driverlib/ccs/Debug/</path>
         <kind>archive</kind>
         <file>driverlib.lib</file>
         <name>adc.obj</name>
      </input_file>
      <input_file id="fl-e">
         <path>/home/dvarx/ti/C2000Ware_3_04_00_00_Software/driverlib/f2838x/driverlib/ccs/Debug/</path>
         <kind>archive</kind>
         <file>driverlib.lib</file>
         <name>cputimer.obj</name>
      </input_file>
      <input_file id="fl-f">
         <path>/home/dvarx/ti/C2000Ware_3_04_00_00_Software/driverlib/f2838x/driverlib/ccs/Debug/</path>
         <kind>archive</kind>
         <file>driverlib.lib</file>
         <name>dcc.obj</name>
      </input_file>
      <input_file id="fl-10">
         <path>/home/dvarx/ti/C2000Ware_3_04_00_00_Software/driverlib/f2838x/driverlib/ccs/Debug/</path>
         <kind>archive</kind>
         <file>driverlib.lib</file>
         <name>flash.obj</name>
      </input_file>
      <input_file id="fl-11">
         <path>/home/dvarx/ti/C2000Ware_3_04_00_00_Software/driverlib/f2838x/driverlib/ccs/Debug/</path>
         <kind>archive</kind>
         <file>driverlib.lib</file>
         <name>gpio.obj</name>
      </input_file>
      <input_file id="fl-12">
         <path>/home/dvarx/ti/C2000Ware_3_04_00_00_Software/driverlib/f2838x/driverlib/ccs/Debug/</path>
         <kind>archive</kind>
         <file>driverlib.lib</file>
         <name>interrupt.obj</name>
      </input_file>
      <input_file id="fl-13">
         <path>/home/dvarx/ti/C2000Ware_3_04_00_00_Software/driverlib/f2838x/driverlib/ccs/Debug/</path>
         <kind>archive</kind>
         <file>driverlib.lib</file>
         <name>ipc.obj</name>
      </input_file>
      <input_file id="fl-14">
         <path>/home/dvarx/ti/C2000Ware_3_04_00_00_Software/driverlib/f2838x/driverlib/ccs/Debug/</path>
         <kind>archive</kind>
         <file>driverlib.lib</file>
         <name>sysctl.obj</name>
      </input_file>
      <input_file id="fl-20">
         <path>/home/dvarx/ti/ccs1220/ccs/tools/compiler/ti-cgt-c2000_22.6.0.LTS/lib/</path>
         <kind>archive</kind>
         <file>rts2800_fpu64_eabi.lib</file>
         <name>s_sin.c.obj</name>
      </input_file>
      <input_file id="fl-21">
         <path>/home/dvarx/ti/ccs1220/ccs/tools/compiler/ti-cgt-c2000_22.6.0.LTS/lib/</path>
         <kind>archive</kind>
         <file>rts2800_fpu64_eabi.lib</file>
         <name>boot28.asm.obj</name>
      </input_file>
      <input_file id="fl-22">
         <path>/home/dvarx/ti/ccs1220/ccs/tools/compiler/ti-cgt-c2000_22.6.0.LTS/lib/</path>
         <kind>archive</kind>
         <file>rts2800_fpu64_eabi.lib</file>
         <name>fs_div28.asm.obj</name>
      </input_file>
      <input_file id="fl-23">
         <path>/home/dvarx/ti/ccs1220/ccs/tools/compiler/ti-cgt-c2000_22.6.0.LTS/lib/</path>
         <kind>archive</kind>
         <file>rts2800_fpu64_eabi.lib</file>
         <name>ll_cmp28.asm.obj</name>
      </input_file>
      <input_file id="fl-24">
         <path>/home/dvarx/ti/ccs1220/ccs/tools/compiler/ti-cgt-c2000_22.6.0.LTS/lib/</path>
         <kind>archive</kind>
         <file>rts2800_fpu64_eabi.lib</file>
         <name>memcpy.c.obj</name>
      </input_file>
      <input_file id="fl-25">
         <path>/home/dvarx/ti/ccs1220/ccs/tools/compiler/ti-cgt-c2000_22.6.0.LTS/lib/</path>
         <kind>archive</kind>
         <file>rts2800_fpu64_eabi.lib</file>
         <name>pre_init.c.obj</name>
      </input_file>
      <input_file id="fl-26">
         <path>/home/dvarx/ti/ccs1220/ccs/tools/compiler/ti-cgt-c2000_22.6.0.LTS/lib/</path>
         <kind>archive</kind>
         <file>rts2800_fpu64_eabi.lib</file>
         <name>autoinit.c.obj</name>
      </input_file>
      <input_file id="fl-27">
         <path>/home/dvarx/ti/ccs1220/ccs/tools/compiler/ti-cgt-c2000_22.6.0.LTS/lib/</path>
         <kind>archive</kind>
         <file>rts2800_fpu64_eabi.lib</file>
         <name>copy_zero_init.c.obj</name>
      </input_file>
      <input_file id="fl-28">
         <path>/home/dvarx/ti/ccs1220/ccs/tools/compiler/ti-cgt-c2000_22.6.0.LTS/lib/</path>
         <kind>archive</kind>
         <file>rts2800_fpu64_eabi.lib</file>
         <name>copy_decompress_none.c.obj</name>
      </input_file>
      <input_file id="fl-29">
         <path>/home/dvarx/ti/ccs1220/ccs/tools/compiler/ti-cgt-c2000_22.6.0.LTS/lib/</path>
         <kind>archive</kind>
         <file>rts2800_fpu64_eabi.lib</file>
         <name>copy_decompress_lzss.c.obj</name>
      </input_file>
      <input_file id="fl-2a">
         <path>/home/dvarx/ti/ccs1220/ccs/tools/compiler/ti-cgt-c2000_22.6.0.LTS/lib/</path>
         <kind>archive</kind>
         <file>rts2800_fpu64_eabi.lib</file>
         <name>e_rem_pio2.c.obj</name>
      </input_file>
      <input_file id="fl-2b">
         <path>/home/dvarx/ti/ccs1220/ccs/tools/compiler/ti-cgt-c2000_22.6.0.LTS/lib/</path>
         <kind>archive</kind>
         <file>rts2800_fpu64_eabi.lib</file>
         <name>k_rem_pio2.c.obj</name>
      </input_file>
      <input_file id="fl-2c">
         <path>/home/dvarx/ti/ccs1220/ccs/tools/compiler/ti-cgt-c2000_22.6.0.LTS/lib/</path>
         <kind>archive</kind>
         <file>rts2800_fpu64_eabi.lib</file>
         <name>exit.c.obj</name>
      </input_file>
      <input_file id="fl-2d">
         <path>/home/dvarx/ti/ccs1220/ccs/tools/compiler/ti-cgt-c2000_22.6.0.LTS/lib/</path>
         <kind>archive</kind>
         <file>rts2800_fpu64_eabi.lib</file>
         <name>_lock.c.obj</name>
      </input_file>
      <input_file id="fl-2e">
         <path>/home/dvarx/ti/ccs1220/ccs/tools/compiler/ti-cgt-c2000_22.6.0.LTS/lib/</path>
         <kind>archive</kind>
         <file>rts2800_fpu64_eabi.lib</file>
         <name>args_main.c.obj</name>
      </input_file>
      <input_file id="fl-2f">
         <path>/home/dvarx/ti/ccs1220/ccs/tools/compiler/ti-cgt-c2000_22.6.0.LTS/lib/</path>
         <kind>archive</kind>
         <file>rts2800_fpu64_eabi.lib</file>
         <name>memset.c.obj</name>
      </input_file>
      <input_file id="fl-30">
         <path>/home/dvarx/ti/ccs1220/ccs/tools/compiler/ti-cgt-c2000_22.6.0.LTS/lib/</path>
         <kind>archive</kind>
         <file>rts2800_fpu64_eabi.lib</file>
         <name>k_cos.c.obj</name>
      </input_file>
      <input_file id="fl-31">
         <path>/home/dvarx/ti/ccs1220/ccs/tools/compiler/ti-cgt-c2000_22.6.0.LTS/lib/</path>
         <kind>archive</kind>
         <file>rts2800_fpu64_eabi.lib</file>
         <name>k_sin.c.obj</name>
      </input_file>
      <input_file id="fl-32">
         <path>/home/dvarx/ti/ccs1220/ccs/tools/compiler/ti-cgt-c2000_22.6.0.LTS/lib/</path>
         <kind>archive</kind>
         <file>rts2800_fpu64_eabi.lib</file>
         <name>s_floor.c.obj</name>
      </input_file>
      <input_file id="fl-33">
         <path>/home/dvarx/ti/ccs1220/ccs/tools/compiler/ti-cgt-c2000_22.6.0.LTS/lib/</path>
         <kind>archive</kind>
         <file>rts2800_fpu64_eabi.lib</file>
         <name>s_scalbn.c.obj</name>
      </input_file>
      <input_file id="fl-34">
         <path>/home/dvarx/ti/ccs1220/ccs/tools/compiler/ti-cgt-c2000_22.6.0.LTS/lib/</path>
         <kind>archive</kind>
         <file>rts2800_fpu64_eabi.lib</file>
         <name>s_copysign.c.obj</name>
      </input_file>
      <input_file id="fl-35">
         <path>/home/dvarx/ti/ccs1220/ccs/tools/compiler/ti-cgt-c2000_22.6.0.LTS/lib/</path>
         <kind>archive</kind>
         <file>rts2800_fpu64_eabi.lib</file>
         <name>ll_aox28.asm.obj</name>
      </input_file>
      <input_file id="fl-36">
         <path>/home/dvarx/ti/ccs1220/ccs/tools/compiler/ti-cgt-c2000_22.6.0.LTS/lib/</path>
         <kind>archive</kind>
         <file>rts2800_fpu64_eabi.lib</file>
         <name>i_div28.asm.obj</name>
      </input_file>
      <input_file id="fl-37">
         <path>/home/dvarx/ti/ccs1220/ccs/tools/compiler/ti-cgt-c2000_22.6.0.LTS/lib/</path>
         <kind>archive</kind>
         <file>rts2800_fpu64_eabi.lib</file>
         <name>cpy_tbl.c.obj</name>
      </input_file>
      <input_file id="fl-38">
         <path>/home/dvarx/ti/ccs1220/ccs/tools/compiler/ti-cgt-c2000_22.6.0.LTS/lib/</path>
         <kind>archive</kind>
         <file>rts2800_fpu64_eabi.lib</file>
         <name>startup.c.obj</name>
      </input_file>
      <input_file id="fl-39">
         <path>/home/dvarx/ti/ccs1220/ccs/tools/compiler/ti-cgt-c2000_22.6.0.LTS/lib/</path>
         <kind>archive</kind>
         <file>rts2800_fpu64_eabi.lib</file>
         <name>errno.c.obj</name>
      </input_file>
   </input_file_list>
   <object_component_list>
      <object_component id="oc-2a">
         <name>codestart</name>
         <load_address>0x80000</load_address>
         <run_address>0x80000</run_address>
         <size>0x2</size>
         <input_file_ref idref="fl-7"/>
      </object_component>
      <object_component id="oc-1ac">
         <name>.text:initEPWMWithoutDB</name>
         <load_address>0x82000</load_address>
         <run_address>0x82000</run_address>
         <size>0x608</size>
         <input_file_ref idref="fl-4"/>
      </object_component>
      <object_component id="oc-34f">
         <name>.text</name>
         <load_address>0x82608</load_address>
         <run_address>0x82608</run_address>
         <size>0x45c</size>
         <input_file_ref idref="fl-2b"/>
      </object_component>
      <object_component id="oc-3b">
         <name>.text:main</name>
         <load_address>0x82a64</load_address>
         <run_address>0x82a64</run_address>
         <size>0x3f4</size>
         <input_file_ref idref="fl-3"/>
      </object_component>
      <object_component id="oc-1b2">
         <name>.text:setupEPWMActiveHighComplementary</name>
         <load_address>0x82e58</load_address>
         <run_address>0x82e58</run_address>
         <size>0x308</size>
         <input_file_ref idref="fl-4"/>
      </object_component>
      <object_component id="oc-23a">
         <name>.text</name>
         <load_address>0x83160</load_address>
         <run_address>0x83160</run_address>
         <size>0x2c7</size>
         <input_file_ref idref="fl-2a"/>
      </object_component>
      <object_component id="oc-110">
         <name>.text:set_freq_bridge</name>
         <load_address>0x83427</load_address>
         <run_address>0x83427</run_address>
         <size>0x20c</size>
         <input_file_ref idref="fl-4"/>
      </object_component>
      <object_component id="oc-182">
         <name>.text:Device_enableAllPeripherals</name>
         <load_address>0x83633</load_address>
         <run_address>0x83633</run_address>
         <size>0x167</size>
         <input_file_ref idref="fl-6"/>
      </object_component>
      <object_component id="oc-107">
         <name>.text:set_duty_bridge</name>
         <load_address>0x8379a</load_address>
         <run_address>0x8379a</run_address>
         <size>0x154</size>
         <input_file_ref idref="fl-4"/>
      </object_component>
      <object_component id="oc-f0">
         <name>.text:set_duty_buck</name>
         <load_address>0x838ee</load_address>
         <run_address>0x838ee</run_address>
         <size>0x154</size>
         <input_file_ref idref="fl-4"/>
      </object_component>
      <object_component id="oc-164">
         <name>.text:SysCtl_setClock</name>
         <load_address>0x83a42</load_address>
         <run_address>0x83a42</run_address>
         <size>0x138</size>
         <input_file_ref idref="fl-14"/>
      </object_component>
      <object_component id="oc-47">
         <name>.text:IPC_ISR0</name>
         <load_address>0x83b7a</load_address>
         <run_address>0x83b7a</run_address>
         <size>0x11f</size>
         <input_file_ref idref="fl-2"/>
      </object_component>
      <object_component id="oc-16a">
         <name>.text:SysCtl_setAuxClock</name>
         <load_address>0x83c99</load_address>
         <run_address>0x83c99</run_address>
         <size>0x117</size>
         <input_file_ref idref="fl-14"/>
      </object_component>
      <object_component id="oc-2f1">
         <name>.text:SysCtl_isPLLValid</name>
         <load_address>0x83db0</load_address>
         <run_address>0x83db0</run_address>
         <size>0x110</size>
         <input_file_ref idref="fl-14"/>
      </object_component>
      <object_component id="oc-489">
         <name>.text</name>
         <load_address>0x83ec0</load_address>
         <run_address>0x83ec0</run_address>
         <size>0xd9</size>
         <input_file_ref idref="fl-32"/>
      </object_component>
      <object_component id="oc-17c">
         <name>.text:SysCtl_getAuxClock</name>
         <load_address>0x83f99</load_address>
         <run_address>0x83f99</run_address>
         <size>0x67</size>
         <input_file_ref idref="fl-14"/>
      </object_component>
      <object_component id="oc-2d7">
         <name>.text:DCC_verifyClockFrequency</name>
         <load_address>0x84000</load_address>
         <run_address>0x84000</run_address>
         <size>0xc9</size>
         <input_file_ref idref="fl-f"/>
      </object_component>
      <object_component id="oc-1a2">
         <name>.text:ADC_setMode</name>
         <load_address>0x840c9</load_address>
         <run_address>0x840c9</run_address>
         <size>0xae</size>
         <input_file_ref idref="fl-d"/>
      </object_component>
      <object_component id="oc-483">
         <name>.text</name>
         <load_address>0x84177</load_address>
         <run_address>0x84177</run_address>
         <size>0xa0</size>
         <input_file_ref idref="fl-33"/>
      </object_component>
      <object_component id="oc-db">
         <name>.text:run_channel_fsm</name>
         <load_address>0x84217</load_address>
         <run_address>0x84217</run_address>
         <size>0x9a</size>
         <input_file_ref idref="fl-5"/>
      </object_component>
      <object_component id="oc-c0">
         <name>.text:configCPUTimer</name>
         <load_address>0x842b1</load_address>
         <run_address>0x842b1</run_address>
         <size>0x91</size>
         <input_file_ref idref="fl-2"/>
      </object_component>
      <object_component id="oc-240">
         <name>.text</name>
         <load_address>0x84342</load_address>
         <run_address>0x84342</run_address>
         <size>0x8b</size>
         <input_file_ref idref="fl-31"/>
      </object_component>
      <object_component id="oc-93">
         <name>.text:initADCSOCs</name>
         <load_address>0x843cd</load_address>
         <run_address>0x843cd</run_address>
         <size>0x89</size>
         <input_file_ref idref="fl-1"/>
      </object_component>
      <object_component id="oc-102">
         <name>.text</name>
         <load_address>0x84456</load_address>
         <run_address>0x84456</run_address>
         <size>0x88</size>
         <input_file_ref idref="fl-22"/>
      </object_component>
      <object_component id="oc-99">
         <name>.text:setup_pin_config_buck</name>
         <load_address>0x844de</load_address>
         <run_address>0x844de</run_address>
         <size>0x87</size>
         <input_file_ref idref="fl-4"/>
      </object_component>
      <object_component id="oc-9f">
         <name>.text:setup_pinmux_config_bridge</name>
         <load_address>0x84565</load_address>
         <run_address>0x84565</run_address>
         <size>0x87</size>
         <input_file_ref idref="fl-4"/>
      </object_component>
      <object_component id="oc-3e4">
         <name>.text:DCC_setCounterSeeds</name>
         <load_address>0x845ec</load_address>
         <run_address>0x845ec</run_address>
         <size>0x7a</size>
         <input_file_ref idref="fl-f"/>
      </object_component>
      <object_component id="oc-44f">
         <name>.text:DCC_setCounterSeeds</name>
         <load_address>0x84666</load_address>
         <run_address>0x84666</run_address>
         <size>0x7a</size>
         <input_file_ref idref="fl-14"/>
      </object_component>
      <object_component id="oc-246">
         <name>.text</name>
         <load_address>0x846e0</load_address>
         <run_address>0x846e0</run_address>
         <size>0x77</size>
         <input_file_ref idref="fl-30"/>
      </object_component>
      <object_component id="oc-6f">
         <name>.text:Device_init</name>
         <load_address>0x84757</load_address>
         <run_address>0x84757</run_address>
         <size>0x75</size>
         <input_file_ref idref="fl-6"/>
      </object_component>
      <object_component id="oc-f6">
         <name>.text</name>
         <load_address>0x847cc</load_address>
         <run_address>0x847cc</run_address>
         <size>0x6b</size>
         <input_file_ref idref="fl-20"/>
      </object_component>
      <object_component id="oc-8d">
         <name>.text:initADCs</name>
         <load_address>0x84837</load_address>
         <run_address>0x84837</run_address>
         <size>0x66</size>
         <input_file_ref idref="fl-1"/>
      </object_component>
      <object_component id="oc-e4">
         <name>.text:readAnalogInputs</name>
         <load_address>0x8489d</load_address>
         <run_address>0x8489d</run_address>
         <size>0x66</size>
         <input_file_ref idref="fl-1"/>
      </object_component>
      <object_component id="oc-170">
         <name>.text:SysCtl_getClock</name>
         <load_address>0x84903</load_address>
         <run_address>0x84903</run_address>
         <size>0x60</size>
         <input_file_ref idref="fl-14"/>
      </object_component>
      <object_component id="oc-22b">
         <name>.text:BUCK_ENABLED_enter</name>
         <load_address>0x84963</load_address>
         <run_address>0x84963</run_address>
         <size>0x5a</size>
         <input_file_ref idref="fl-5"/>
      </object_component>
      <object_component id="oc-219">
         <name>.text:RUNNING_REGULAR_enter</name>
         <load_address>0x849bd</load_address>
         <run_address>0x849bd</run_address>
         <size>0x59</size>
         <input_file_ref idref="fl-5"/>
      </object_component>
      <object_component id="oc-2e5">
         <name>.text:SysCtl_selectOscSource</name>
         <load_address>0x84a16</load_address>
         <run_address>0x84a16</run_address>
         <size>0x54</size>
         <input_file_ref idref="fl-14"/>
      </object_component>
      <object_component id="oc-87">
         <name>.text:GPIO_setPadConfig</name>
         <load_address>0x84a6a</load_address>
         <run_address>0x84a6a</run_address>
         <size>0x52</size>
         <input_file_ref idref="fl-11"/>
      </object_component>
      <object_component id="oc-d2">
         <name>.text:READY_enter</name>
         <load_address>0x84abc</load_address>
         <run_address>0x84abc</run_address>
         <size>0x52</size>
         <input_file_ref idref="fl-5"/>
      </object_component>
      <object_component id="oc-126">
         <name>.text:IPC_readCommand</name>
         <load_address>0x84b0e</load_address>
         <run_address>0x84b0e</run_address>
         <size>0x4a</size>
         <input_file_ref idref="fl-13"/>
      </object_component>
      <object_component id="oc-2f9">
         <name>.text:SysCtl_selectOscSourceAuxPLL</name>
         <load_address>0x84b58</load_address>
         <run_address>0x84b58</run_address>
         <size>0x47</size>
         <input_file_ref idref="fl-14"/>
      </object_component>
      <object_component id="oc-a5">
         <name>.text:set_enabled</name>
         <load_address>0x84b9f</load_address>
         <run_address>0x84b9f</run_address>
         <size>0x46</size>
         <input_file_ref idref="fl-4"/>
      </object_component>
      <object_component id="oc-225">
         <name>.text:INIT_REGULAR_RUN_enter</name>
         <load_address>0x84be5</load_address>
         <run_address>0x84be5</run_address>
         <size>0x45</size>
         <input_file_ref idref="fl-5"/>
      </object_component>
      <object_component id="oc-ae">
         <name>.text:Interrupt_initModule</name>
         <load_address>0x84c2a</load_address>
         <run_address>0x84c2a</run_address>
         <size>0x3d</size>
         <input_file_ref idref="fl-12"/>
      </object_component>
      <object_component id="oc-201">
         <name>.text:TERMINATE_RESONANT_exit</name>
         <load_address>0x84c67</load_address>
         <run_address>0x84c67</run_address>
         <size>0x39</size>
         <input_file_ref idref="fl-5"/>
      </object_component>
      <object_component id="oc-cc">
         <name>.text:GPIO_setPinConfig</name>
         <load_address>0x84ca0</load_address>
         <run_address>0x84ca0</run_address>
         <size>0x37</size>
         <input_file_ref idref="fl-11"/>
      </object_component>
      <object_component id="oc-ba">
         <name>.text:IPC_registerInterrupt</name>
         <load_address>0x84cd7</load_address>
         <run_address>0x84cd7</run_address>
         <size>0x37</size>
         <input_file_ref idref="fl-13"/>
      </object_component>
      <object_component id="oc-c6">
         <name>.text:Interrupt_enable</name>
         <load_address>0x84d0e</load_address>
         <run_address>0x84d0e</run_address>
         <size>0x34</size>
         <input_file_ref idref="fl-12"/>
      </object_component>
      <object_component id="oc-81">
         <name>.text:GPIO_setDirectionMode</name>
         <load_address>0x84d42</load_address>
         <run_address>0x84d42</run_address>
         <size>0x31</size>
         <input_file_ref idref="fl-11"/>
      </object_component>
      <object_component id="oc-1d">
         <name>.text:decompress:lzss</name>
         <load_address>0x84d73</load_address>
         <run_address>0x84d73</run_address>
         <size>0x2e</size>
         <input_file_ref idref="fl-29"/>
      </object_component>
      <object_component id="oc-36b">
         <name>.text:__TI_auto_init_nobinit_nopinit</name>
         <load_address>0x84da1</load_address>
         <run_address>0x84da1</run_address>
         <size>0x2b</size>
         <input_file_ref idref="fl-26"/>
      </object_component>
      <object_component id="oc-465">
         <name>.text:SysCtl_pollX1Counter</name>
         <load_address>0x84dcc</load_address>
         <run_address>0x84dcc</run_address>
         <size>0x2a</size>
         <input_file_ref idref="fl-14"/>
      </object_component>
      <object_component id="oc-21f">
         <name>.text:INIT_RESONANT_RUN_enter</name>
         <load_address>0x84df6</load_address>
         <run_address>0x84df6</run_address>
         <size>0x29</size>
         <input_file_ref idref="fl-5"/>
      </object_component>
      <object_component id="oc-213">
         <name>.text:RUNNING_RESONANT_enter</name>
         <load_address>0x84e1f</load_address>
         <run_address>0x84e1f</run_address>
         <size>0x29</size>
         <input_file_ref idref="fl-5"/>
      </object_component>
      <object_component id="oc-28b">
         <name>.text</name>
         <load_address>0x84e48</load_address>
         <run_address>0x84e48</run_address>
         <size>0x29</size>
         <input_file_ref idref="fl-2c"/>
      </object_component>
      <object_component id="oc-20d">
         <name>.text:TERMINATE_RESONANT_enter</name>
         <load_address>0x84e71</load_address>
         <run_address>0x84e71</run_address>
         <size>0x28</size>
         <input_file_ref idref="fl-5"/>
      </object_component>
      <object_component id="oc-4f7">
         <name>.text</name>
         <load_address>0x84e99</load_address>
         <run_address>0x84e99</run_address>
         <size>0x28</size>
         <input_file_ref idref="fl-34"/>
      </object_component>
      <object_component id="oc-3ea">
         <name>.text:DCC_enableSingleShotMode</name>
         <load_address>0x84ec1</load_address>
         <run_address>0x84ec1</run_address>
         <size>0x25</size>
         <input_file_ref idref="fl-f"/>
      </object_component>
      <object_component id="oc-455">
         <name>.text:DCC_enableSingleShotMode</name>
         <load_address>0x84ee6</load_address>
         <run_address>0x84ee6</run_address>
         <size>0x25</size>
         <input_file_ref idref="fl-14"/>
      </object_component>
      <object_component id="oc-207">
         <name>.text:RUNNING_RESONANT_exit</name>
         <load_address>0x84f0b</load_address>
         <run_address>0x84f0b</run_address>
         <size>0x25</size>
         <input_file_ref idref="fl-5"/>
      </object_component>
      <object_component id="oc-18a">
         <name>.text:SysCtl_controlCMReset</name>
         <load_address>0x84f30</load_address>
         <run_address>0x84f30</run_address>
         <size>0x25</size>
         <input_file_ref idref="fl-14"/>
      </object_component>
      <object_component id="oc-1fb">
         <name>.text:TERMINATE_REGULAR_exit</name>
         <load_address>0x84f55</load_address>
         <run_address>0x84f55</run_address>
         <size>0x25</size>
         <input_file_ref idref="fl-5"/>
      </object_component>
      <object_component id="oc-411">
         <name>.text:SysCtl_selectXTAL</name>
         <load_address>0x84f7a</load_address>
         <run_address>0x84f7a</run_address>
         <size>0x24</size>
         <input_file_ref idref="fl-14"/>
      </object_component>
      <object_component id="oc-47b">
         <name>.text</name>
         <load_address>0x84f9e</load_address>
         <run_address>0x84f9e</run_address>
         <size>0x22</size>
         <input_file_ref idref="fl-36"/>
      </object_component>
      <object_component id="oc-b4">
         <name>.text:Interrupt_initVectorTable</name>
         <load_address>0x84fc0</load_address>
         <run_address>0x84fc0</run_address>
         <size>0x20</size>
         <input_file_ref idref="fl-12"/>
      </object_component>
      <object_component id="oc-313">
         <name>.text:ADC_isBaseValid</name>
         <load_address>0x84fe0</load_address>
         <run_address>0x84fe0</run_address>
         <size>0x1f</size>
         <input_file_ref idref="fl-d"/>
      </object_component>
      <object_component id="oc-3d8">
         <name>.text:DCC_setCounter0ClkSource</name>
         <load_address>0x84fff</load_address>
         <run_address>0x84fff</run_address>
         <size>0x1f</size>
         <input_file_ref idref="fl-f"/>
      </object_component>
      <object_component id="oc-443">
         <name>.text:DCC_setCounter0ClkSource</name>
         <load_address>0x8501e</load_address>
         <run_address>0x8501e</run_address>
         <size>0x1f</size>
         <input_file_ref idref="fl-14"/>
      </object_component>
      <object_component id="oc-3de">
         <name>.text:DCC_setCounter1ClkSource</name>
         <load_address>0x8503d</load_address>
         <run_address>0x8503d</run_address>
         <size>0x1f</size>
         <input_file_ref idref="fl-f"/>
      </object_component>
      <object_component id="oc-449">
         <name>.text:DCC_setCounter1ClkSource</name>
         <load_address>0x8505c</load_address>
         <run_address>0x8505c</run_address>
         <size>0x1f</size>
         <input_file_ref idref="fl-14"/>
      </object_component>
      <object_component id="oc-7b">
         <name>.text:Device_initGPIO</name>
         <load_address>0x8507b</load_address>
         <run_address>0x8507b</run_address>
         <size>0x1e</size>
         <input_file_ref idref="fl-6"/>
      </object_component>
      <object_component id="oc-408">
         <name>.text:DCC_getErrorStatus</name>
         <load_address>0x85099</load_address>
         <run_address>0x85099</run_address>
         <size>0x1d</size>
         <input_file_ref idref="fl-f"/>
      </object_component>
      <object_component id="oc-402">
         <name>.text:DCC_getSingleShotStatus</name>
         <load_address>0x850b6</load_address>
         <run_address>0x850b6</run_address>
         <size>0x1d</size>
         <input_file_ref idref="fl-f"/>
      </object_component>
      <object_component id="oc-50">
         <name>.text</name>
         <load_address>0x850d3</load_address>
         <run_address>0x850d3</run_address>
         <size>0x1d</size>
         <input_file_ref idref="fl-24"/>
      </object_component>
      <object_component id="oc-15e">
         <name>.text:Device_verifyXTAL</name>
         <load_address>0x850f0</load_address>
         <run_address>0x850f0</run_address>
         <size>0x1c</size>
         <input_file_ref idref="fl-6"/>
      </object_component>
      <object_component id="oc-191">
         <name>.text:Device_enableUnbondedGPIOPullups</name>
         <load_address>0x8510c</load_address>
         <run_address>0x8510c</run_address>
         <size>0x1b</size>
         <input_file_ref idref="fl-6"/>
      </object_component>
      <object_component id="oc-32f">
         <name>.text:CPUTimer_isBaseValid</name>
         <load_address>0x85127</load_address>
         <run_address>0x85127</run_address>
         <size>0x1a</size>
         <input_file_ref idref="fl-e"/>
      </object_component>
      <object_component id="oc-3b3">
         <name>.text:DCC_isBaseValid</name>
         <load_address>0x85141</load_address>
         <run_address>0x85141</run_address>
         <size>0x1a</size>
         <input_file_ref idref="fl-f"/>
      </object_component>
      <object_component id="oc-4e1">
         <name>.text:DCC_isBaseValid</name>
         <load_address>0x8515b</load_address>
         <run_address>0x8515b</run_address>
         <size>0x1a</size>
         <input_file_ref idref="fl-14"/>
      </object_component>
      <object_component id="oc-176">
         <name>.text:SysCtl_getLowSpeedClock</name>
         <load_address>0x85175</load_address>
         <run_address>0x85175</run_address>
         <size>0x1a</size>
         <input_file_ref idref="fl-14"/>
      </object_component>
      <object_component id="oc-417">
         <name>.text:SysCtl_selectXTALSingleEnded</name>
         <load_address>0x8518f</load_address>
         <run_address>0x8518f</run_address>
         <size>0x1a</size>
         <input_file_ref idref="fl-14"/>
      </object_component>
      <object_component id="oc-2d1">
         <name>.text:SysCtl_enablePeripheral</name>
         <load_address>0x851a9</load_address>
         <run_address>0x851a9</run_address>
         <size>0x19</size>
         <input_file_ref idref="fl-6"/>
      </object_component>
      <object_component id="oc-14d">
         <name>.text</name>
         <load_address>0x851c2</load_address>
         <run_address>0x851c2</run_address>
         <size>0x19</size>
         <input_file_ref idref="fl-21"/>
      </object_component>
      <object_component id="oc-34a">
         <name>.text</name>
         <load_address>0x851db</load_address>
         <run_address>0x851db</run_address>
         <size>0x18</size>
         <input_file_ref idref="fl-35"/>
      </object_component>
      <object_component id="oc-3d2">
         <name>.text:DCC_disableDoneSignal</name>
         <load_address>0x851f3</load_address>
         <run_address>0x851f3</run_address>
         <size>0x17</size>
         <input_file_ref idref="fl-f"/>
      </object_component>
      <object_component id="oc-43d">
         <name>.text:DCC_disableDoneSignal</name>
         <load_address>0x8520a</load_address>
         <run_address>0x8520a</run_address>
         <size>0x17</size>
         <input_file_ref idref="fl-14"/>
      </object_component>
      <object_component id="oc-3f6">
         <name>.text:DCC_enableDoneSignal</name>
         <load_address>0x85221</load_address>
         <run_address>0x85221</run_address>
         <size>0x17</size>
         <input_file_ref idref="fl-f"/>
      </object_component>
      <object_component id="oc-41f">
         <name>.text:SysCtl_enablePeripheral</name>
         <load_address>0x85238</load_address>
         <run_address>0x85238</run_address>
         <size>0x17</size>
         <input_file_ref idref="fl-14"/>
      </object_component>
      <object_component id="oc-41">
         <name>.text:cpuTimer0ISR</name>
         <load_address>0x8524f</load_address>
         <run_address>0x8524f</run_address>
         <size>0x17</size>
         <input_file_ref idref="fl-2"/>
      </object_component>
      <object_component id="oc-3c0">
         <name>.text:DCC_clearDoneFlag</name>
         <load_address>0x85266</load_address>
         <run_address>0x85266</run_address>
         <size>0x16</size>
         <input_file_ref idref="fl-f"/>
      </object_component>
      <object_component id="oc-42b">
         <name>.text:DCC_clearDoneFlag</name>
         <load_address>0x8527c</load_address>
         <run_address>0x8527c</run_address>
         <size>0x16</size>
         <input_file_ref idref="fl-14"/>
      </object_component>
      <object_component id="oc-3ba">
         <name>.text:DCC_clearErrorFlag</name>
         <load_address>0x85292</load_address>
         <run_address>0x85292</run_address>
         <size>0x16</size>
         <input_file_ref idref="fl-f"/>
      </object_component>
      <object_component id="oc-425">
         <name>.text:DCC_clearErrorFlag</name>
         <load_address>0x852a8</load_address>
         <run_address>0x852a8</run_address>
         <size>0x16</size>
         <input_file_ref idref="fl-14"/>
      </object_component>
      <object_component id="oc-3cc">
         <name>.text:DCC_disableErrorSignal</name>
         <load_address>0x852be</load_address>
         <run_address>0x852be</run_address>
         <size>0x16</size>
         <input_file_ref idref="fl-f"/>
      </object_component>
      <object_component id="oc-437">
         <name>.text:DCC_disableErrorSignal</name>
         <load_address>0x852d4</load_address>
         <run_address>0x852d4</run_address>
         <size>0x16</size>
         <input_file_ref idref="fl-14"/>
      </object_component>
      <object_component id="oc-3f0">
         <name>.text:DCC_enableErrorSignal</name>
         <load_address>0x852ea</load_address>
         <run_address>0x852ea</run_address>
         <size>0x16</size>
         <input_file_ref idref="fl-f"/>
      </object_component>
      <object_component id="oc-75">
         <name>.text:Device_bootCM</name>
         <load_address>0x85300</load_address>
         <run_address>0x85300</run_address>
         <size>0x15</size>
         <input_file_ref idref="fl-6"/>
      </object_component>
      <object_component id="oc-35">
         <name>.text:cpuTimer1ISR</name>
         <load_address>0x85315</load_address>
         <run_address>0x85315</run_address>
         <size>0x15</size>
         <input_file_ref idref="fl-2"/>
      </object_component>
      <object_component id="oc-3c6">
         <name>.text:DCC_disableModule</name>
         <load_address>0x8532a</load_address>
         <run_address>0x8532a</run_address>
         <size>0x14</size>
         <input_file_ref idref="fl-f"/>
      </object_component>
      <object_component id="oc-431">
         <name>.text:DCC_disableModule</name>
         <load_address>0x8533e</load_address>
         <run_address>0x8533e</run_address>
         <size>0x14</size>
         <input_file_ref idref="fl-14"/>
      </object_component>
      <object_component id="oc-3fc">
         <name>.text:DCC_enableModule</name>
         <load_address>0x85352</load_address>
         <run_address>0x85352</run_address>
         <size>0x14</size>
         <input_file_ref idref="fl-f"/>
      </object_component>
      <object_component id="oc-45b">
         <name>.text:DCC_enableModule</name>
         <load_address>0x85366</load_address>
         <run_address>0x85366</run_address>
         <size>0x14</size>
         <input_file_ref idref="fl-14"/>
      </object_component>
      <object_component id="oc-1e4">
         <name>.text:CPUTimer_setEmulationMode</name>
         <load_address>0x8537a</load_address>
         <run_address>0x8537a</run_address>
         <size>0x13</size>
         <input_file_ref idref="fl-e"/>
      </object_component>
      <object_component id="oc-292">
         <name>.text:Flash_isCtrlBaseValid</name>
         <load_address>0x8538d</load_address>
         <run_address>0x8538d</run_address>
         <size>0x10</size>
         <input_file_ref idref="fl-10"/>
      </object_component>
      <object_component id="oc-299">
         <name>.text:Flash_isECCBaseValid</name>
         <load_address>0x8539d</load_address>
         <run_address>0x8539d</run_address>
         <size>0x10</size>
         <input_file_ref idref="fl-10"/>
      </object_component>
      <object_component id="oc-1db">
         <name>.text:Interrupt_register</name>
         <load_address>0x853ad</load_address>
         <run_address>0x853ad</run_address>
         <size>0xf</size>
         <input_file_ref idref="fl-13"/>
      </object_component>
      <object_component id="oc-198">
         <name>.text:GPIO_isPinValid</name>
         <load_address>0x853bc</load_address>
         <run_address>0x853bc</run_address>
         <size>0xe</size>
         <input_file_ref idref="fl-11"/>
      </object_component>
      <object_component id="oc-1c7">
         <name>.text:Interrupt_defaultHandler</name>
         <load_address>0x853ca</load_address>
         <run_address>0x853ca</run_address>
         <size>0xe</size>
         <input_file_ref idref="fl-12"/>
      </object_component>
      <object_component id="oc-1bf">
         <name>.text:Interrupt_disableMaster</name>
         <load_address>0x853d8</load_address>
         <run_address>0x853d8</run_address>
         <size>0xd</size>
         <input_file_ref idref="fl-12"/>
      </object_component>
      <object_component id="oc-1eb">
         <name>.text:Interrupt_enableMaster</name>
         <load_address>0x853e5</load_address>
         <run_address>0x853e5</run_address>
         <size>0xd</size>
         <input_file_ref idref="fl-12"/>
      </object_component>
      <object_component id="oc-2eb">
         <name>.text:SysCtl_setPLLSysClk</name>
         <load_address>0x853f2</load_address>
         <run_address>0x853f2</run_address>
         <size>0xc</size>
         <input_file_ref idref="fl-14"/>
      </object_component>
      <object_component id="oc-285">
         <name>.text</name>
         <load_address>0x853fe</load_address>
         <run_address>0x853fe</run_address>
         <size>0xc</size>
         <input_file_ref idref="fl-2e"/>
      </object_component>
      <object_component id="oc-307">
         <name>.text:SysCtl_isCMReset</name>
         <load_address>0x8540a</load_address>
         <run_address>0x8540a</run_address>
         <size>0xb</size>
         <input_file_ref idref="fl-14"/>
      </object_component>
      <object_component id="oc-2df">
         <name>.text:SysCtl_isMCDClockFailureDetected</name>
         <load_address>0x85415</load_address>
         <run_address>0x85415</run_address>
         <size>0xb</size>
         <input_file_ref idref="fl-14"/>
      </object_component>
      <object_component id="oc-4ba">
         <name>.text</name>
         <load_address>0x85420</load_address>
         <run_address>0x85420</run_address>
         <size>0x9</size>
         <input_file_ref idref="fl-2d"/>
      </object_component>
      <object_component id="oc-23">
         <name>.text:decompress:none</name>
         <load_address>0x85429</load_address>
         <run_address>0x85429</run_address>
         <size>0x8</size>
         <input_file_ref idref="fl-28"/>
      </object_component>
      <object_component id="oc-64">
         <name>.text</name>
         <load_address>0x85431</load_address>
         <run_address>0x85431</run_address>
         <size>0x8</size>
         <input_file_ref idref="fl-7"/>
      </object_component>
      <object_component id="oc-4d8">
         <name>.text:SysCtl_resetMCD</name>
         <load_address>0x85439</load_address>
         <run_address>0x85439</run_address>
         <size>0x7</size>
         <input_file_ref idref="fl-14"/>
      </object_component>
      <object_component id="oc-146">
         <name>.text</name>
         <load_address>0x85440</load_address>
         <run_address>0x85440</run_address>
         <size>0x7</size>
         <input_file_ref idref="fl-2f"/>
      </object_component>
      <object_component id="oc-5e">
         <name>.text:decompress:ZI</name>
         <load_address>0x85447</load_address>
         <run_address>0x85447</run_address>
         <size>0x6</size>
         <input_file_ref idref="fl-27"/>
      </object_component>
      <object_component id="oc-117">
         <name>.text:__error__</name>
         <load_address>0x8544d</load_address>
         <run_address>0x8544d</run_address>
         <size>0x3</size>
         <input_file_ref idref="fl-6"/>
      </object_component>
      <object_component id="oc-1d3">
         <name>.text:Interrupt_illegalOperationHandler</name>
         <load_address>0x85450</load_address>
         <run_address>0x85450</run_address>
         <size>0x2</size>
         <input_file_ref idref="fl-12"/>
      </object_component>
      <object_component id="oc-1cd">
         <name>.text:Interrupt_nmiHandler</name>
         <load_address>0x85452</load_address>
         <run_address>0x85452</run_address>
         <size>0x2</size>
         <input_file_ref idref="fl-12"/>
      </object_component>
      <object_component id="oc-27e">
         <name>.text</name>
         <load_address>0x85454</load_address>
         <run_address>0x85454</run_address>
         <size>0x2</size>
         <input_file_ref idref="fl-25"/>
      </object_component>
      <object_component id="oc-4a0">
         <name>.text</name>
         <load_address>0x85456</load_address>
         <run_address>0x85456</run_address>
         <size>0x1</size>
         <input_file_ref idref="fl-38"/>
      </object_component>
      <object_component id="oc-563">
         <name>.cinit..data.load</name>
         <load_address>0x88000</load_address>
         <run_address>0x88000</run_address>
         <size>0x10d</size>
      </object_component>
      <object_component id="oc-560">
         <name>__TI_handler_table</name>
         <load_address>0x8810e</load_address>
         <run_address>0x8810e</run_address>
         <size>0x6</size>
      </object_component>
      <object_component id="oc-568">
         <name>.cinit..bss.load</name>
         <load_address>0x88114</load_address>
         <run_address>0x88114</run_address>
         <size>0x4</size>
      </object_component>
      <object_component id="oc-561">
         <name>__TI_cinit_table</name>
         <load_address>0x88118</load_address>
         <run_address>0x88118</run_address>
         <size>0x8</size>
      </object_component>
      <object_component id="oc-4d">
         <name>.stack</name>
         <uninitialized>true</uninitialized>
         <run_address>0x400</run_address>
         <size>0x0</size>
         <input_file_ref idref="fl-21"/>
      </object_component>
      <object_component id="oc-564">
         <name>.stack</name>
         <uninitialized>true</uninitialized>
         <run_address>0x400</run_address>
         <size>0x0</size>
      </object_component>
      <object_component id="oc-d8">
         <name>.bss:adc_buffer</name>
         <uninitialized>true</uninitialized>
         <run_address>0xd000</run_address>
         <size>0xe00</size>
         <input_file_ref idref="fl-3"/>
      </object_component>
      <object_component id="oc-ea">
         <name>.bss</name>
         <uninitialized>true</uninitialized>
         <run_address>0xde00</run_address>
         <size>0x62</size>
         <input_file_ref idref="fl-2"/>
      </object_component>
      <object_component id="oc-e1">
         <name>.bss:fsm_req_flags_stop</name>
         <uninitialized>true</uninitialized>
         <run_address>0xde62</run_address>
         <size>0x3</size>
         <input_file_ref idref="fl-5"/>
      </object_component>
      <object_component id="oc-6a">
         <name>.data</name>
         <load_address>0xa800</load_address>
         <run_address>0xa800</run_address>
         <size>0x136</size>
         <input_file_ref idref="fl-2"/>
      </object_component>
      <object_component id="oc-ab">
         <name>.data:driver_channels</name>
         <load_address>0xa9ac</load_address>
         <run_address>0xa9ac</run_address>
         <size>0x6</size>
         <input_file_ref idref="fl-2"/>
      </object_component>
      <object_component id="oc-138">
         <name>.data:des_currents</name>
         <load_address>0xa99a</load_address>
         <run_address>0xa99a</run_address>
         <size>0x6</size>
         <input_file_ref idref="fl-2"/>
      </object_component>
      <object_component id="oc-135">
         <name>.data:des_duty_buck</name>
         <load_address>0xa9a0</load_address>
         <run_address>0xa9a0</run_address>
         <size>0x6</size>
         <input_file_ref idref="fl-2"/>
      </object_component>
      <object_component id="oc-10d">
         <name>.data:des_freq_resonant_mhz</name>
         <load_address>0xa9a6</load_address>
         <run_address>0xa9a6</run_address>
         <size>0x6</size>
         <input_file_ref idref="fl-2"/>
      </object_component>
      <object_component id="oc-343">
         <name>.data:current_pi</name>
         <load_address>0xa936</load_address>
         <run_address>0xa936</run_address>
         <size>0x24</size>
         <input_file_ref idref="fl-2"/>
      </object_component>
      <object_component id="oc-ed">
         <name>.data:des_duty_buck_filt</name>
         <load_address>0xa95a</load_address>
         <run_address>0xa95a</run_address>
         <size>0x24</size>
         <input_file_ref idref="fl-2"/>
      </object_component>
      <object_component id="oc-120">
         <name>.data</name>
         <load_address>0xa980</load_address>
         <run_address>0xa980</run_address>
         <size>0xe</size>
         <input_file_ref idref="fl-3"/>
      </object_component>
      <object_component id="oc-ff">
         <name>.data:actvolts</name>
         <load_address>0xa994</load_address>
         <run_address>0xa994</run_address>
         <size>0x6</size>
         <input_file_ref idref="fl-3"/>
      </object_component>
      <object_component id="oc-fc">
         <name>.data:actthetas</name>
         <load_address>0xa98e</load_address>
         <run_address>0xa98e</run_address>
         <size>0x6</size>
         <input_file_ref idref="fl-3"/>
      </object_component>
      <object_component id="oc-1f8">
         <name>.data</name>
         <load_address>0xa9c4</load_address>
         <run_address>0xa9c4</run_address>
         <size>0x1</size>
         <input_file_ref idref="fl-5"/>
      </object_component>
      <object_component id="oc-12c">
         <name>.data:fsm_req_flags_en_buck</name>
         <load_address>0xa9b8</load_address>
         <run_address>0xa9b8</run_address>
         <size>0x3</size>
         <input_file_ref idref="fl-5"/>
      </object_component>
      <object_component id="oc-12f">
         <name>.data:fsm_req_flags_run_regular</name>
         <load_address>0xa9bb</load_address>
         <run_address>0xa9bb</run_address>
         <size>0x3</size>
         <input_file_ref idref="fl-5"/>
      </object_component>
      <object_component id="oc-132">
         <name>.data:fsm_req_flags_run_resonant</name>
         <load_address>0xa9be</load_address>
         <run_address>0xa9be</run_address>
         <size>0x3</size>
         <input_file_ref idref="fl-5"/>
      </object_component>
      <object_component id="oc-39d">
         <name>.data</name>
         <load_address>0xa9b2</load_address>
         <run_address>0xa9b2</run_address>
         <size>0x6</size>
         <input_file_ref idref="fl-2c"/>
      </object_component>
      <object_component id="oc-3a0">
         <name>.data:_lock</name>
         <load_address>0xa97e</load_address>
         <run_address>0xa97e</run_address>
         <size>0x2</size>
         <input_file_ref idref="fl-2d"/>
      </object_component>
      <object_component id="oc-510">
         <name>.data:_unlock</name>
         <load_address>0xa9c2</load_address>
         <run_address>0xa9c2</run_address>
         <size>0x2</size>
         <input_file_ref idref="fl-2d"/>
      </object_component>
      <object_component id="oc-4fd">
         <name>.data</name>
         <load_address>0xa9c1</load_address>
         <run_address>0xa9c1</run_address>
         <size>0x1</size>
         <input_file_ref idref="fl-39"/>
      </object_component>
      <object_component id="oc-298">
         <name>.const:.string</name>
         <load_address>0x90000</load_address>
         <run_address>0x90000</run_address>
         <size>0xec</size>
         <input_file_ref idref="fl-10"/>
      </object_component>
      <object_component id="oc-19e">
         <name>.const:.string</name>
         <load_address>0x900ec</load_address>
         <run_address>0x900ec</run_address>
         <size>0xeb</size>
         <input_file_ref idref="fl-11"/>
      </object_component>
      <object_component id="oc-2de">
         <name>.const:.string</name>
         <load_address>0x901d8</load_address>
         <run_address>0x901d8</run_address>
         <size>0xeb</size>
         <input_file_ref idref="fl-14"/>
      </object_component>
      <object_component id="oc-3b9">
         <name>.const:.string</name>
         <load_address>0x902c4</load_address>
         <run_address>0x902c4</run_address>
         <size>0xe8</size>
         <input_file_ref idref="fl-f"/>
      </object_component>
      <object_component id="oc-1b8">
         <name>.const:.string</name>
         <load_address>0x903ac</load_address>
         <run_address>0x903ac</run_address>
         <size>0x9f</size>
         <input_file_ref idref="fl-4"/>
      </object_component>
      <object_component id="oc-11d">
         <name>.const:IPC_Instance</name>
         <load_address>0x9044c</load_address>
         <run_address>0x9044c</run_address>
         <size>0x88</size>
         <input_file_ref idref="fl-13"/>
      </object_component>
      <object_component id="oc-480">
         <name>.const:ipio2</name>
         <load_address>0x904d4</load_address>
         <run_address>0x904d4</run_address>
         <size>0x84</size>
         <input_file_ref idref="fl-2b"/>
      </object_component>
      <object_component id="oc-335">
         <name>.const:.string</name>
         <load_address>0x90558</load_address>
         <run_address>0x90558</run_address>
         <size>0x79</size>
         <input_file_ref idref="fl-e"/>
      </object_component>
      <object_component id="oc-319">
         <name>.const:.string</name>
         <load_address>0x905d2</load_address>
         <run_address>0x905d2</run_address>
         <size>0x74</size>
         <input_file_ref idref="fl-d"/>
      </object_component>
      <object_component id="oc-1da">
         <name>.const:.string</name>
         <load_address>0x90646</load_address>
         <run_address>0x90646</run_address>
         <size>0x74</size>
         <input_file_ref idref="fl-13"/>
      </object_component>
      <object_component id="oc-1e3">
         <name>.const:.string</name>
         <load_address>0x906ba</load_address>
         <run_address>0x906ba</run_address>
         <size>0x53</size>
         <input_file_ref idref="fl-2"/>
      </object_component>
      <object_component id="oc-116">
         <name>.const:.string</name>
         <load_address>0x9070e</load_address>
         <run_address>0x9070e</run_address>
         <size>0x4f</size>
         <input_file_ref idref="fl-3"/>
      </object_component>
      <object_component id="oc-1f3">
         <name>.const:.string</name>
         <load_address>0x9075e</load_address>
         <run_address>0x9075e</run_address>
         <size>0x4f</size>
         <input_file_ref idref="fl-5"/>
      </object_component>
      <object_component id="oc-48f">
         <name>.const:PIo2</name>
         <load_address>0x907ae</load_address>
         <run_address>0x907ae</run_address>
         <size>0x20</size>
         <input_file_ref idref="fl-2b"/>
      </object_component>
      <object_component id="oc-478">
         <name>.const:init_jk</name>
         <load_address>0x907ce</load_address>
         <run_address>0x907ce</run_address>
         <size>0x4</size>
         <input_file_ref idref="fl-2b"/>
      </object_component>
      <object_component id="oc-258">
         <name>MSGRAM_CPU1_TO_CPU2</name>
         <uninitialized>true</uninitialized>
         <run_address>0x3a000</run_address>
         <size>0x88</size>
         <input_file_ref idref="fl-13"/>
      </object_component>
      <object_component id="oc-25b">
         <name>MSGRAM_CPU2_TO_CPU1</name>
         <uninitialized>true</uninitialized>
         <run_address>0x3b000</run_address>
         <size>0x88</size>
         <input_file_ref idref="fl-13"/>
      </object_component>
      <object_component id="oc-25e">
         <name>MSGRAM_CPU_TO_CM</name>
         <uninitialized>true</uninitialized>
         <run_address>0x39000</run_address>
         <size>0x88</size>
         <input_file_ref idref="fl-13"/>
      </object_component>
      <object_component id="oc-261">
         <name>MSGRAM_CM_TO_CPU</name>
         <uninitialized>true</uninitialized>
         <run_address>0x38000</run_address>
         <size>0x88</size>
         <input_file_ref idref="fl-13"/>
      </object_component>
      <object_component id="oc-158">
         <name>.TI.ramfunc:Flash_initModule</name>
         <load_address>0x86000</load_address>
         <run_address>0x8000</run_address>
         <size>0x3f</size>
         <input_file_ref idref="fl-10"/>
      </object_component>
      <object_component id="oc-29f">
         <name>.TI.ramfunc:Flash_setBankPowerMode</name>
         <load_address>0x8603f</load_address>
         <run_address>0x803f</run_address>
         <size>0x2d</size>
         <input_file_ref idref="fl-10"/>
      </object_component>
      <object_component id="oc-2b7">
         <name>.TI.ramfunc:Flash_setWaitstates</name>
         <load_address>0x8606c</load_address>
         <run_address>0x806c</run_address>
         <size>0x26</size>
         <input_file_ref idref="fl-10"/>
      </object_component>
      <object_component id="oc-2a5">
         <name>.TI.ramfunc:Flash_setPumpPowerMode</name>
         <load_address>0x86092</load_address>
         <run_address>0x8092</run_address>
         <size>0x1e</size>
         <input_file_ref idref="fl-10"/>
      </object_component>
      <object_component id="oc-2ab">
         <name>.TI.ramfunc:Flash_disableCache</name>
         <load_address>0x860b0</load_address>
         <run_address>0x80b0</run_address>
         <size>0x1a</size>
         <input_file_ref idref="fl-10"/>
      </object_component>
      <object_component id="oc-2b1">
         <name>.TI.ramfunc:Flash_disablePrefetch</name>
         <load_address>0x860ca</load_address>
         <run_address>0x80ca</run_address>
         <size>0x1a</size>
         <input_file_ref idref="fl-10"/>
      </object_component>
      <object_component id="oc-2bd">
         <name>.TI.ramfunc:Flash_enableCache</name>
         <load_address>0x860e4</load_address>
         <run_address>0x80e4</run_address>
         <size>0x19</size>
         <input_file_ref idref="fl-10"/>
      </object_component>
      <object_component id="oc-2c3">
         <name>.TI.ramfunc:Flash_enablePrefetch</name>
         <load_address>0x860fd</load_address>
         <run_address>0x80fd</run_address>
         <size>0x19</size>
         <input_file_ref idref="fl-10"/>
      </object_component>
      <object_component id="oc-2c9">
         <name>.TI.ramfunc:Flash_enableECC</name>
         <load_address>0x86116</load_address>
         <run_address>0x8116</run_address>
         <size>0x17</size>
         <input_file_ref idref="fl-10"/>
      </object_component>
      <object_component id="oc-1a8">
         <name>.TI.ramfunc</name>
         <load_address>0x8612d</load_address>
         <run_address>0x812d</run_address>
         <size>0x4</size>
         <input_file_ref idref="fl-14"/>
      </object_component>
      <object_component id="oc-1aa">
         <name>.debug_types</name>
         <load_address>0x0</load_address>
         <run_address>0x0</run_address>
         <size>0x14be</size>
         <input_file_ref idref="fl-1"/>
      </object_component>
      <object_component id="oc-6e">
         <name>.debug_types</name>
         <load_address>0x14be</load_address>
         <run_address>0x14be</run_address>
         <size>0x1594</size>
         <input_file_ref idref="fl-2"/>
      </object_component>
      <object_component id="oc-124">
         <name>.debug_types</name>
         <load_address>0x2a52</load_address>
         <run_address>0x2a52</run_address>
         <size>0x42e</size>
         <input_file_ref idref="fl-3"/>
      </object_component>
      <object_component id="oc-1ba">
         <name>.debug_types</name>
         <load_address>0x2e80</load_address>
         <run_address>0x2e80</run_address>
         <size>0xc07</size>
         <input_file_ref idref="fl-4"/>
      </object_component>
      <object_component id="oc-1f5">
         <name>.debug_types</name>
         <load_address>0x3a87</load_address>
         <run_address>0x3a87</run_address>
         <size>0x22d</size>
         <input_file_ref idref="fl-5"/>
      </object_component>
      <object_component id="oc-189">
         <name>.debug_types</name>
         <load_address>0x3cb4</load_address>
         <run_address>0x3cb4</run_address>
         <size>0x13c4</size>
         <input_file_ref idref="fl-6"/>
      </object_component>
      <object_component id="oc-31b">
         <name>.debug_types</name>
         <load_address>0x5078</load_address>
         <run_address>0x5078</run_address>
         <size>0x12c</size>
         <input_file_ref idref="fl-d"/>
      </object_component>
      <object_component id="oc-337">
         <name>.debug_types</name>
         <load_address>0x0</load_address>
         <run_address>0x0</run_address>
         <size>0x0</size>
         <input_file_ref idref="fl-e"/>
      </object_component>
      <object_component id="oc-40f">
         <name>.debug_types</name>
         <load_address>0x51a4</load_address>
         <run_address>0x51a4</run_address>
         <size>0xa2</size>
         <input_file_ref idref="fl-f"/>
      </object_component>
      <object_component id="oc-2d0">
         <name>.debug_types</name>
         <load_address>0x5246</load_address>
         <run_address>0x5246</run_address>
         <size>0x1d7</size>
         <input_file_ref idref="fl-10"/>
      </object_component>
      <object_component id="oc-1a0">
         <name>.debug_types</name>
         <load_address>0x541d</load_address>
         <run_address>0x541d</run_address>
         <size>0x4dc</size>
         <input_file_ref idref="fl-11"/>
      </object_component>
      <object_component id="oc-1c6">
         <name>.debug_types</name>
         <load_address>0x58f9</load_address>
         <run_address>0x58f9</run_address>
         <size>0x70</size>
         <input_file_ref idref="fl-12"/>
      </object_component>
      <object_component id="oc-1e2">
         <name>.debug_types</name>
         <load_address>0x5969</load_address>
         <run_address>0x5969</run_address>
         <size>0x1e3</size>
         <input_file_ref idref="fl-13"/>
      </object_component>
      <object_component id="oc-2f8">
         <name>.debug_types</name>
         <load_address>0x5b4c</load_address>
         <run_address>0x5b4c</run_address>
         <size>0x8b4</size>
         <input_file_ref idref="fl-14"/>
      </object_component>
      <object_component id="oc-24d">
         <name>.debug_types</name>
         <load_address>0x6400</load_address>
         <run_address>0x6400</run_address>
         <size>0x5d</size>
         <input_file_ref idref="fl-20"/>
      </object_component>
      <object_component id="oc-140">
         <name>.debug_types</name>
         <load_address>0x645d</load_address>
         <run_address>0x645d</run_address>
         <size>0xec</size>
         <input_file_ref idref="fl-24"/>
      </object_component>
      <object_component id="oc-36a">
         <name>.debug_types</name>
         <load_address>0x0</load_address>
         <run_address>0x0</run_address>
         <size>0x0</size>
         <input_file_ref idref="fl-25"/>
      </object_component>
      <object_component id="oc-4a7">
         <name>.debug_types</name>
         <load_address>0x6549</load_address>
         <run_address>0x6549</run_address>
         <size>0x4ca</size>
         <input_file_ref idref="fl-26"/>
      </object_component>
      <object_component id="oc-145">
         <name>.debug_types</name>
         <load_address>0x6a13</load_address>
         <run_address>0x6a13</run_address>
         <size>0x165</size>
         <input_file_ref idref="fl-27"/>
      </object_component>
      <object_component id="oc-57">
         <name>.debug_types</name>
         <load_address>0x0</load_address>
         <run_address>0x0</run_address>
         <size>0x0</size>
         <input_file_ref idref="fl-28"/>
      </object_component>
      <object_component id="oc-4f">
         <name>.debug_types</name>
         <load_address>0x6b78</load_address>
         <run_address>0x6b78</run_address>
         <size>0x191</size>
         <input_file_ref idref="fl-29"/>
      </object_component>
      <object_component id="oc-356">
         <name>.debug_types</name>
         <load_address>0x6d09</load_address>
         <run_address>0x6d09</run_address>
         <size>0xf6</size>
         <input_file_ref idref="fl-2a"/>
      </object_component>
      <object_component id="oc-493">
         <name>.debug_types</name>
         <load_address>0x6dff</load_address>
         <run_address>0x6dff</run_address>
         <size>0x1b6</size>
         <input_file_ref idref="fl-2b"/>
      </object_component>
      <object_component id="oc-3a4">
         <name>.debug_types</name>
         <load_address>0x6fb5</load_address>
         <run_address>0x6fb5</run_address>
         <size>0x90</size>
         <input_file_ref idref="fl-2c"/>
      </object_component>
      <object_component id="oc-4c2">
         <name>.debug_types</name>
         <load_address>0x7045</load_address>
         <run_address>0x7045</run_address>
         <size>0x2f</size>
         <input_file_ref idref="fl-2d"/>
      </object_component>
      <object_component id="oc-39c">
         <name>.debug_types</name>
         <load_address>0x7074</load_address>
         <run_address>0x7074</run_address>
         <size>0xe1</size>
         <input_file_ref idref="fl-2e"/>
      </object_component>
      <object_component id="oc-27d">
         <name>.debug_types</name>
         <load_address>0x0</load_address>
         <run_address>0x0</run_address>
         <size>0x0</size>
         <input_file_ref idref="fl-2f"/>
      </object_component>
      <object_component id="oc-35a">
         <name>.debug_types</name>
         <load_address>0x0</load_address>
         <run_address>0x0</run_address>
         <size>0x0</size>
         <input_file_ref idref="fl-30"/>
      </object_component>
      <object_component id="oc-358">
         <name>.debug_types</name>
         <load_address>0x0</load_address>
         <run_address>0x0</run_address>
         <size>0x0</size>
         <input_file_ref idref="fl-31"/>
      </object_component>
      <object_component id="oc-503">
         <name>.debug_types</name>
         <load_address>0x0</load_address>
         <run_address>0x0</run_address>
         <size>0x0</size>
         <input_file_ref idref="fl-32"/>
      </object_component>
      <object_component id="oc-501">
         <name>.debug_types</name>
         <load_address>0x0</load_address>
         <run_address>0x0</run_address>
         <size>0x0</size>
         <input_file_ref idref="fl-33"/>
      </object_component>
      <object_component id="oc-51a">
         <name>.debug_types</name>
         <load_address>0x0</load_address>
         <run_address>0x0</run_address>
         <size>0x0</size>
         <input_file_ref idref="fl-34"/>
      </object_component>
      <object_component id="oc-50a">
         <name>.debug_types</name>
         <load_address>0x0</load_address>
         <run_address>0x0</run_address>
         <size>0x0</size>
         <input_file_ref idref="fl-38"/>
      </object_component>
      <object_component id="oc-51d">
         <name>.debug_types</name>
         <load_address>0x0</load_address>
         <run_address>0x0</run_address>
         <size>0x0</size>
         <input_file_ref idref="fl-39"/>
      </object_component>
      <object_component id="oc-e5">
         <name>.debug_info</name>
         <load_address>0x0</load_address>
         <run_address>0x0</run_address>
         <size>0x109</size>
         <input_file_ref idref="fl-1"/>
      </object_component>
      <object_component id="oc-8e">
         <name>.debug_info</name>
         <load_address>0x109</load_address>
         <run_address>0x109</run_address>
         <size>0x14e</size>
         <input_file_ref idref="fl-1"/>
      </object_component>
      <object_component id="oc-94">
         <name>.debug_info</name>
         <load_address>0x257</load_address>
         <run_address>0x257</run_address>
         <size>0xfe</size>
         <input_file_ref idref="fl-1"/>
      </object_component>
      <object_component id="oc-6b">
         <name>.debug_info</name>
         <load_address>0x355</load_address>
         <run_address>0x355</run_address>
         <size>0x45b</size>
         <input_file_ref idref="fl-2"/>
      </object_component>
      <object_component id="oc-eb">
         <name>.debug_info</name>
         <load_address>0x7b0</load_address>
         <run_address>0x7b0</run_address>
         <size>0x20f</size>
         <input_file_ref idref="fl-2"/>
      </object_component>
      <object_component id="oc-ac">
         <name>.debug_info</name>
         <load_address>0x9bf</load_address>
         <run_address>0x9bf</run_address>
         <size>0xe7</size>
         <input_file_ref idref="fl-2"/>
      </object_component>
      <object_component id="oc-139">
         <name>.debug_info</name>
         <load_address>0xaa6</load_address>
         <run_address>0xaa6</run_address>
         <size>0xe1</size>
         <input_file_ref idref="fl-2"/>
      </object_component>
      <object_component id="oc-136">
         <name>.debug_info</name>
         <load_address>0xb87</load_address>
         <run_address>0xb87</run_address>
         <size>0xe3</size>
         <input_file_ref idref="fl-2"/>
      </object_component>
      <object_component id="oc-10e">
         <name>.debug_info</name>
         <load_address>0xc6a</load_address>
         <run_address>0xc6a</run_address>
         <size>0xf3</size>
         <input_file_ref idref="fl-2"/>
      </object_component>
      <object_component id="oc-344">
         <name>.debug_info</name>
         <load_address>0xd5d</load_address>
         <run_address>0xd5d</run_address>
         <size>0xdd</size>
         <input_file_ref idref="fl-2"/>
      </object_component>
      <object_component id="oc-ee">
         <name>.debug_info</name>
         <load_address>0xe3a</load_address>
         <run_address>0xe3a</run_address>
         <size>0xed</size>
         <input_file_ref idref="fl-2"/>
      </object_component>
      <object_component id="oc-36">
         <name>.debug_info</name>
         <load_address>0xf27</load_address>
         <run_address>0xf27</run_address>
         <size>0x104</size>
         <input_file_ref idref="fl-2"/>
      </object_component>
      <object_component id="oc-42">
         <name>.debug_info</name>
         <load_address>0x102b</load_address>
         <run_address>0x102b</run_address>
         <size>0x104</size>
         <input_file_ref idref="fl-2"/>
      </object_component>
      <object_component id="oc-c1">
         <name>.debug_info</name>
         <load_address>0x112f</load_address>
         <run_address>0x112f</run_address>
         <size>0x1d4</size>
         <input_file_ref idref="fl-2"/>
      </object_component>
      <object_component id="oc-48">
         <name>.debug_info</name>
         <load_address>0x1303</load_address>
         <run_address>0x1303</run_address>
         <size>0x17f</size>
         <input_file_ref idref="fl-2"/>
      </object_component>
      <object_component id="oc-121">
         <name>.debug_info</name>
         <load_address>0x1482</load_address>
         <run_address>0x1482</run_address>
         <size>0x2ba</size>
         <input_file_ref idref="fl-3"/>
      </object_component>
      <object_component id="oc-100">
         <name>.debug_info</name>
         <load_address>0x173c</load_address>
         <run_address>0x173c</run_address>
         <size>0xde</size>
         <input_file_ref idref="fl-3"/>
      </object_component>
      <object_component id="oc-fd">
         <name>.debug_info</name>
         <load_address>0x181a</load_address>
         <run_address>0x181a</run_address>
         <size>0xe0</size>
         <input_file_ref idref="fl-3"/>
      </object_component>
      <object_component id="oc-d9">
         <name>.debug_info</name>
         <load_address>0x18fa</load_address>
         <run_address>0x18fa</run_address>
         <size>0xe2</size>
         <input_file_ref idref="fl-3"/>
      </object_component>
      <object_component id="oc-3c">
         <name>.debug_info</name>
         <load_address>0x19dc</load_address>
         <run_address>0x19dc</run_address>
         <size>0x968</size>
         <input_file_ref idref="fl-3"/>
      </object_component>
      <object_component id="oc-1ad">
         <name>.debug_info</name>
         <load_address>0x2344</load_address>
         <run_address>0x2344</run_address>
         <size>0x27e</size>
         <input_file_ref idref="fl-4"/>
      </object_component>
      <object_component id="oc-1b3">
         <name>.debug_info</name>
         <load_address>0x25c2</load_address>
         <run_address>0x25c2</run_address>
         <size>0x1e0</size>
         <input_file_ref idref="fl-4"/>
      </object_component>
      <object_component id="oc-a0">
         <name>.debug_info</name>
         <load_address>0x27a2</load_address>
         <run_address>0x27a2</run_address>
         <size>0x298</size>
         <input_file_ref idref="fl-4"/>
      </object_component>
      <object_component id="oc-f1">
         <name>.debug_info</name>
         <load_address>0x2a3a</load_address>
         <run_address>0x2a3a</run_address>
         <size>0x22f</size>
         <input_file_ref idref="fl-4"/>
      </object_component>
      <object_component id="oc-9a">
         <name>.debug_info</name>
         <load_address>0x2c69</load_address>
         <run_address>0x2c69</run_address>
         <size>0x26f</size>
         <input_file_ref idref="fl-4"/>
      </object_component>
      <object_component id="oc-111">
         <name>.debug_info</name>
         <load_address>0x2ed8</load_address>
         <run_address>0x2ed8</run_address>
         <size>0x269</size>
         <input_file_ref idref="fl-4"/>
      </object_component>
      <object_component id="oc-a6">
         <name>.debug_info</name>
         <load_address>0x3141</load_address>
         <run_address>0x3141</run_address>
         <size>0x1dc</size>
         <input_file_ref idref="fl-4"/>
      </object_component>
      <object_component id="oc-108">
         <name>.debug_info</name>
         <load_address>0x331d</load_address>
         <run_address>0x331d</run_address>
         <size>0x233</size>
         <input_file_ref idref="fl-4"/>
      </object_component>
      <object_component id="oc-1f9">
         <name>.debug_info</name>
         <load_address>0x3550</load_address>
         <run_address>0x3550</run_address>
         <size>0xe6</size>
         <input_file_ref idref="fl-5"/>
      </object_component>
      <object_component id="oc-12d">
         <name>.debug_info</name>
         <load_address>0x3636</load_address>
         <run_address>0x3636</run_address>
         <size>0xf2</size>
         <input_file_ref idref="fl-5"/>
      </object_component>
      <object_component id="oc-130">
         <name>.debug_info</name>
         <load_address>0x3728</load_address>
         <run_address>0x3728</run_address>
         <size>0xfa</size>
         <input_file_ref idref="fl-5"/>
      </object_component>
      <object_component id="oc-133">
         <name>.debug_info</name>
         <load_address>0x3822</load_address>
         <run_address>0x3822</run_address>
         <size>0xfc</size>
         <input_file_ref idref="fl-5"/>
      </object_component>
      <object_component id="oc-e2">
         <name>.debug_info</name>
         <load_address>0x391e</load_address>
         <run_address>0x391e</run_address>
         <size>0xec</size>
         <input_file_ref idref="fl-5"/>
      </object_component>
      <object_component id="oc-1fc">
         <name>.debug_info</name>
         <load_address>0x3a0a</load_address>
         <run_address>0x3a0a</run_address>
         <size>0x147</size>
         <input_file_ref idref="fl-5"/>
      </object_component>
      <object_component id="oc-d3">
         <name>.debug_info</name>
         <load_address>0x3b51</load_address>
         <run_address>0x3b51</run_address>
         <size>0x14f</size>
         <input_file_ref idref="fl-5"/>
      </object_component>
      <object_component id="oc-202">
         <name>.debug_info</name>
         <load_address>0x3ca0</load_address>
         <run_address>0x3ca0</run_address>
         <size>0x14a</size>
         <input_file_ref idref="fl-5"/>
      </object_component>
      <object_component id="oc-208">
         <name>.debug_info</name>
         <load_address>0x3dea</load_address>
         <run_address>0x3dea</run_address>
         <size>0x145</size>
         <input_file_ref idref="fl-5"/>
      </object_component>
      <object_component id="oc-20e">
         <name>.debug_info</name>
         <load_address>0x3f2f</load_address>
         <run_address>0x3f2f</run_address>
         <size>0x14b</size>
         <input_file_ref idref="fl-5"/>
      </object_component>
      <object_component id="oc-214">
         <name>.debug_info</name>
         <load_address>0x407a</load_address>
         <run_address>0x407a</run_address>
         <size>0x167</size>
         <input_file_ref idref="fl-5"/>
      </object_component>
      <object_component id="oc-21a">
         <name>.debug_info</name>
         <load_address>0x41e1</load_address>
         <run_address>0x41e1</run_address>
         <size>0x198</size>
         <input_file_ref idref="fl-5"/>
      </object_component>
      <object_component id="oc-220">
         <name>.debug_info</name>
         <load_address>0x4379</load_address>
         <run_address>0x4379</run_address>
         <size>0x149</size>
         <input_file_ref idref="fl-5"/>
      </object_component>
      <object_component id="oc-226">
         <name>.debug_info</name>
         <load_address>0x44c2</load_address>
         <run_address>0x44c2</run_address>
         <size>0x165</size>
         <input_file_ref idref="fl-5"/>
      </object_component>
      <object_component id="oc-22c">
         <name>.debug_info</name>
         <load_address>0x4627</load_address>
         <run_address>0x4627</run_address>
         <size>0x172</size>
         <input_file_ref idref="fl-5"/>
      </object_component>
      <object_component id="oc-dc">
         <name>.debug_info</name>
         <load_address>0x4799</load_address>
         <run_address>0x4799</run_address>
         <size>0x259</size>
         <input_file_ref idref="fl-5"/>
      </object_component>
      <object_component id="oc-118">
         <name>.debug_info</name>
         <load_address>0x49f2</load_address>
         <run_address>0x49f2</run_address>
         <size>0x124</size>
         <input_file_ref idref="fl-6"/>
      </object_component>
      <object_component id="oc-2d2">
         <name>.debug_info</name>
         <load_address>0x4b16</load_address>
         <run_address>0x4b16</run_address>
         <size>0x186</size>
         <input_file_ref idref="fl-6"/>
      </object_component>
      <object_component id="oc-15f">
         <name>.debug_info</name>
         <load_address>0x4c9c</load_address>
         <run_address>0x4c9c</run_address>
         <size>0x175</size>
         <input_file_ref idref="fl-6"/>
      </object_component>
      <object_component id="oc-192">
         <name>.debug_info</name>
         <load_address>0x4e11</load_address>
         <run_address>0x4e11</run_address>
         <size>0x12e</size>
         <input_file_ref idref="fl-6"/>
      </object_component>
      <object_component id="oc-7c">
         <name>.debug_info</name>
         <load_address>0x4f3f</load_address>
         <run_address>0x4f3f</run_address>
         <size>0x132</size>
         <input_file_ref idref="fl-6"/>
      </object_component>
      <object_component id="oc-183">
         <name>.debug_info</name>
         <load_address>0x5071</load_address>
         <run_address>0x5071</run_address>
         <size>0xbca</size>
         <input_file_ref idref="fl-6"/>
      </object_component>
      <object_component id="oc-70">
         <name>.debug_info</name>
         <load_address>0x5c3b</load_address>
         <run_address>0x5c3b</run_address>
         <size>0x215</size>
         <input_file_ref idref="fl-6"/>
      </object_component>
      <object_component id="oc-76">
         <name>.debug_info</name>
         <load_address>0x5e50</load_address>
         <run_address>0x5e50</run_address>
         <size>0x135</size>
         <input_file_ref idref="fl-6"/>
      </object_component>
      <object_component id="oc-2b">
         <name>.debug_info</name>
         <load_address>0x5f85</load_address>
         <run_address>0x5f85</run_address>
         <size>0xfb</size>
         <input_file_ref idref="fl-7"/>
      </object_component>
      <object_component id="oc-65">
[...]
      </symbol>
      <symbol id="sm-e2">
         <name>current_pi</name>
         <value>0xa936</value>
         <object_component_ref idref="oc-343"/>
      </symbol>
      <symbol id="sm-e3">
         <name>communication_active</name>
         <value>0xa801</value>
         <object_component_ref idref="oc-6a"/>
      </symbol>
      <symbol id="sm-e4">
         <name>ipc_tnb_mns_msg_c2000</name>
         <value>0xde40</value>
         <object_component_ref idref="oc-ea"/>
      </symbol>
      <symbol id="sm-e5">
         <name>run_main_task</name>
         <value>0xa800</value>
         <object_component_ref idref="oc-6a"/>
      </symbol>
      <symbol id="sm-e6">
         <name>des_currents</name>
         <value>0xa99a</value>
         <object_component_ref idref="oc-138"/>
      </symbol>
      <symbol id="sm-12a">
         <name>run_main_control_task</name>
         <value>0xa980</value>
         <object_component_ref idref="oc-120"/>
      </symbol>
      <symbol id="sm-12b">
         <name>fres</name>
         <value>0xa988</value>
         <object_component_ref idref="oc-120"/>
      </symbol>
      <symbol id="sm-12c">
         <name>Tres</name>
         <value>0xa98a</value>
         <object_component_ref idref="oc-120"/>
      </symbol>
      <symbol id="sm-12d">
         <name>actthetas</name>
         <value>0xa98e</value>
         <object_component_ref idref="oc-fc"/>
      </symbol>
      <symbol id="sm-12e">
         <name>adc_buffer_cnt</name>
         <value>0xa982</value>
         <object_component_ref idref="oc-120"/>
      </symbol>
      <symbol id="sm-12f">
         <name>act_volt_buffer_cnt</name>
         <value>0xa983</value>
         <object_component_ref idref="oc-120"/>
      </symbol>
      <symbol id="sm-130">
         <name>adc_record</name>
         <value>0xa986</value>
         <object_component_ref idref="oc-120"/>
      </symbol>
      <symbol id="sm-131">
         <name>main</name>
         <value>0x82a64</value>
         <object_component_ref idref="oc-3b"/>
      </symbol>
      <symbol id="sm-132">
         <name>actvolts</name>
         <value>0xa994</value>
         <object_component_ref idref="oc-ff"/>
      </symbol>
      <symbol id="sm-133">
         <name>adc_buffer</name>
         <value>0xd000</value>
         <object_component_ref idref="oc-d8"/>
      </symbol>
      <symbol id="sm-134">
         <name>buffer_prdstrt_pointer_1</name>
         <value>0xa985</value>
         <object_component_ref idref="oc-120"/>
      </symbol>
      <symbol id="sm-135">
         <name>buffer_prdstrt_pointer_0</name>
         <value>0xa984</value>
         <object_component_ref idref="oc-120"/>
      </symbol>
      <symbol id="sm-136">
         <name>enable_waveform_debugging</name>
         <value>0xa981</value>
         <object_component_ref idref="oc-120"/>
      </symbol>
      <symbol id="sm-137">
         <name>periodstart</name>
         <value>0xa98c</value>
         <object_component_ref idref="oc-120"/>
      </symbol>
      <symbol id="sm-212">
         <name>set_enabled</name>
         <value>0x84b9f</value>
         <object_component_ref idref="oc-a5"/>
      </symbol>
      <symbol id="sm-213">
         <name>set_duty_bridge</name>
         <value>0x8379a</value>
         <object_component_ref idref="oc-107"/>
      </symbol>
      <symbol id="sm-214">
         <name>set_freq_bridge</name>
         <value>0x83427</value>
         <object_component_ref idref="oc-110"/>
      </symbol>
      <symbol id="sm-215">
         <name>setupEPWMActiveHighComplementary</name>
         <value>0x82e58</value>
         <object_component_ref idref="oc-1b2"/>
      </symbol>
      <symbol id="sm-216">
         <name>initEPWMWithoutDB</name>
         <value>0x82000</value>
         <object_component_ref idref="oc-1ac"/>
      </symbol>
      <symbol id="sm-217">
         <name>setup_pin_config_buck</name>
         <value>0x844de</value>
         <object_component_ref idref="oc-99"/>
      </symbol>
      <symbol id="sm-218">
         <name>set_duty_buck</name>
         <value>0x838ee</value>
         <object_component_ref idref="oc-f0"/>
      </symbol>
      <symbol id="sm-219">
         <name>setup_pinmux_config_bridge</name>
         <value>0x84565</value>
         <object_component_ref idref="oc-9f"/>
      </symbol>
      <symbol id="sm-2a3">
         <name>RUNNING_RESONANT_exit</name>
         <value>0x84f0b</value>
         <object_component_ref idref="oc-207"/>
      </symbol>
      <symbol id="sm-2a4">
         <name>fsm_aux_counter</name>
         <value>0xa9c4</value>
         <object_component_ref idref="oc-1f8"/>
      </symbol>
      <symbol id="sm-2a5">
         <name>fsm_req_flags_run_regular</name>
         <value>0xa9bb</value>
         <object_component_ref idref="oc-12f"/>
      </symbol>
      <symbol id="sm-2a6">
         <name>INIT_RESONANT_RUN_enter</name>
         <value>0x84df6</value>
         <object_component_ref idref="oc-21f"/>
      </symbol>
      <symbol id="sm-2a7">
         <name>run_channel_fsm</name>
         <value>0x84217</value>
         <object_component_ref idref="oc-db"/>
      </symbol>
      <symbol id="sm-2a8">
         <name>INIT_REGULAR_RUN_enter</name>
         <value>0x84be5</value>
         <object_component_ref idref="oc-225"/>
      </symbol>
      <symbol id="sm-2a9">
         <name>TERMINATE_RESONANT_enter</name>
         <value>0x84e71</value>
         <object_component_ref idref="oc-20d"/>
      </symbol>
      <symbol id="sm-2aa">
         <name>BUCK_ENABLED_enter</name>
         <value>0x84963</value>
         <object_component_ref idref="oc-22b"/>
      </symbol>
      <symbol id="sm-2ab">
         <name>TERMINATE_REGULAR_exit</name>
         <value>0x84f55</value>
         <object_component_ref idref="oc-1fb"/>
      </symbol>
      <symbol id="sm-2ac">
         <name>READY_enter</name>
         <value>0x84abc</value>
         <object_component_ref idref="oc-d2"/>
      </symbol>
      <symbol id="sm-2ad">
         <name>fsm_req_flags_stop</name>
         <value>0xde62</value>
         <object_component_ref idref="oc-e1"/>
      </symbol>
      <symbol id="sm-2ae">
         <name>TERMINATE_RESONANT_exit</name>
         <value>0x84c67</value>
         <object_component_ref idref="oc-201"/>
      </symbol>
      <symbol id="sm-2af">
         <name>RUNNING_REGULAR_enter</name>
         <value>0x849bd</value>
         <object_component_ref idref="oc-219"/>
      </symbol>
      <symbol id="sm-2b0">
         <name>fsm_req_flags_en_buck</name>
         <value>0xa9b8</value>
         <object_component_ref idref="oc-12c"/>
      </symbol>
      <symbol id="sm-2b1">
         <name>fsm_req_flags_run_resonant</name>
         <value>0xa9be</value>
         <object_component_ref idref="oc-132"/>
      </symbol>
      <symbol id="sm-2b2">
         <name>RUNNING_RESONANT_enter</name>
         <value>0x84e1f</value>
         <object_component_ref idref="oc-213"/>
      </symbol>
      <symbol id="sm-2f9">
         <name>Device_enableAllPeripherals</name>
         <value>0x83633</value>
         <object_component_ref idref="oc-182"/>
      </symbol>
      <symbol id="sm-2fa">
         <name>Device_verifyXTAL</name>
         <value>0x850f0</value>
         <object_component_ref idref="oc-15e"/>
      </symbol>
      <symbol id="sm-2fb">
         <name>Device_initGPIO</name>
         <value>0x8507b</value>
         <object_component_ref idref="oc-7b"/>
      </symbol>
      <symbol id="sm-2fc">
         <name>Device_init</name>
         <value>0x84757</value>
         <object_component_ref idref="oc-6f"/>
      </symbol>
      <symbol id="sm-2fd">
         <name>Device_bootCM</name>
         <value>0x85300</value>
         <object_component_ref idref="oc-75"/>
      </symbol>
      <symbol id="sm-2fe">
         <name>Device_enableUnbondedGPIOPullups</name>
         <value>0x8510c</value>
         <object_component_ref idref="oc-191"/>
      </symbol>
      <symbol id="sm-2ff">
         <name>__error__</name>
         <value>0x8544d</value>
         <object_component_ref idref="oc-117"/>
      </symbol>
      <symbol id="sm-30e">
         <name>code_start</name>
         <value>0x80000</value>
         <object_component_ref idref="oc-2a"/>
      </symbol>
      <symbol id="sm-33a">
         <name>ADC_setMode</name>
         <value>0x840c9</value>
         <object_component_ref idref="oc-1a2"/>
      </symbol>
      <symbol id="sm-354">
         <name>CPUTimer_setEmulationMode</name>
         <value>0x8537a</value>
         <object_component_ref idref="oc-1e4"/>
      </symbol>
      <symbol id="sm-3fe">
         <name>DCC_verifyClockFrequency</name>
         <value>0x84000</value>
         <object_component_ref idref="oc-2d7"/>
      </symbol>
      <symbol id="sm-46e">
         <name>Flash_initModule</name>
         <value>0x8000</value>
         <object_component_ref idref="oc-158"/>
      </symbol>
      <symbol id="sm-4a0">
         <name>GPIO_setPadConfig</name>
         <value>0x84a6a</value>
         <object_component_ref idref="oc-87"/>
      </symbol>
      <symbol id="sm-4a1">
         <name>GPIO_setDirectionMode</name>
         <value>0x84d42</value>
         <object_component_ref idref="oc-81"/>
      </symbol>
      <symbol id="sm-4a2">
         <name>GPIO_setPinConfig</name>
         <value>0x84ca0</value>
         <object_component_ref idref="oc-cc"/>
      </symbol>
      <symbol id="sm-4f4">
         <name>Interrupt_initModule</name>
         <value>0x84c2a</value>
         <object_component_ref idref="oc-ae"/>
      </symbol>
      <symbol id="sm-4f5">
         <name>Interrupt_enable</name>
         <value>0x84d0e</value>
         <object_component_ref idref="oc-c6"/>
      </symbol>
      <symbol id="sm-4f6">
         <name>Interrupt_initVectorTable</name>
         <value>0x84fc0</value>
         <object_component_ref idref="oc-b4"/>
      </symbol>
      <symbol id="sm-535">
         <name>IPC_registerInterrupt</name>
         <value>0x84cd7</value>
         <object_component_ref idref="oc-ba"/>
      </symbol>
      <symbol id="sm-536">
         <name>IPC_CPU_To_CM_GetBuffer</name>
         <value>0x38000</value>
         <object_component_ref idref="oc-261"/>
      </symbol>
      <symbol id="sm-537">
         <name>IPC_CPU1_To_CPU2_GetBuffer</name>
         <value>0x3b000</value>
         <object_component_ref idref="oc-25b"/>
      </symbol>
      <symbol id="sm-538">
         <name>IPC_CPU1_To_CPU2_PutBuffer</name>
         <value>0x3a000</value>
         <object_component_ref idref="oc-258"/>
      </symbol>
      <symbol id="sm-539">
         <name>IPC_CPU_To_CM_PutBuffer</name>
         <value>0x39000</value>
         <object_component_ref idref="oc-25e"/>
      </symbol>
      <symbol id="sm-53a">
         <name>IPC_Instance</name>
         <value>0x9044c</value>
         <object_component_ref idref="oc-11d"/>
      </symbol>
      <symbol id="sm-53b">
         <name>IPC_readCommand</name>
         <value>0x84b0e</value>
         <object_component_ref idref="oc-126"/>
      </symbol>
      <symbol id="sm-690">
         <name>SysCtl_isPLLValid</name>
         <value>0x83db0</value>
         <object_component_ref idref="oc-2f1"/>
      </symbol>
      <symbol id="sm-691">
         <name>SysCtl_delay</name>
         <value>0x812d</value>
         <object_component_ref idref="oc-1a8"/>
      </symbol>
      <symbol id="sm-692">
         <name>SysCtl_getAuxClock</name>
         <value>0x83f99</value>
         <object_component_ref idref="oc-17c"/>
      </symbol>
      <symbol id="sm-693">
         <name>SysCtl_selectXTALSingleEnded</name>
         <value>0x8518f</value>
         <object_component_ref idref="oc-417"/>
      </symbol>
      <symbol id="sm-694">
         <name>SysCtl_selectXTAL</name>
         <value>0x84f7a</value>
         <object_component_ref idref="oc-411"/>
      </symbol>
      <symbol id="sm-695">
         <name>SysCtl_selectOscSource</name>
         <value>0x84a16</value>
         <object_component_ref idref="oc-2e5"/>
      </symbol>
      <symbol id="sm-696">
         <name>SysCtl_getLowSpeedClock</name>
         <value>0x85175</value>
         <object_component_ref idref="oc-176"/>
      </symbol>
      <symbol id="sm-697">
         <name>SysCtl_controlCMReset</name>
         <value>0x84f30</value>
         <object_component_ref idref="oc-18a"/>
      </symbol>
      <symbol id="sm-698">
         <name>SysCtl_setClock</name>
         <value>0x83a42</value>
         <object_component_ref idref="oc-164"/>
      </symbol>
      <symbol id="sm-699">
         <name>SysCtl_getClock</name>
         <value>0x84903</value>
         <object_component_ref idref="oc-170"/>
      </symbol>
      <symbol id="sm-69a">
         <name>SysCtl_selectOscSourceAuxPLL</name>
         <value>0x84b58</value>
         <object_component_ref idref="oc-2f9"/>
      </symbol>
      <symbol id="sm-69b">
         <name>SysCtl_setAuxClock</name>
         <value>0x83c99</value>
         <object_component_ref idref="oc-16a"/>
      </symbol>
      <symbol id="sm-6b2">
         <name>sin</name>
         <value>0x847cc</value>
         <object_component_ref idref="oc-f6"/>
      </symbol>
      <symbol id="sm-6b3">
         <name>sinl</name>
         <value>0x847cc</value>
         <object_component_ref idref="oc-f6"/>
      </symbol>
      <symbol id="sm-6bd">
         <name>_c_int00</name>
         <value>0x851c2</value>
         <object_component_ref idref="oc-14d"/>
      </symbol>
      <symbol id="sm-6be">
         <name>__stack</name>
         <value>0x400</value>
         <object_component_ref idref="oc-4d"/>
      </symbol>
      <symbol id="sm-6cb">
         <name>__c28xabi_divf</name>
         <value>0x84456</value>
         <object_component_ref idref="oc-102"/>
      </symbol>
      <symbol id="sm-6de">
         <name>memcpy</name>
         <value>0x850d3</value>
         <object_component_ref idref="oc-50"/>
      </symbol>
      <symbol id="sm-6eb">
         <name>_system_pre_init</name>
         <value>0x85454</value>
         <object_component_ref idref="oc-27e"/>
      </symbol>
      <symbol id="sm-6fa">
         <name>__TI_auto_init_nobinit_nopinit</name>
         <value>0x84da1</value>
         <object_component_ref idref="oc-36b"/>
      </symbol>
      <symbol id="sm-707">
         <name>__TI_zero_init</name>
         <value>0x85447</value>
         <object_component_ref idref="oc-5e"/>
      </symbol>
      <symbol id="sm-714">
         <name>__TI_decompress_none</name>
         <value>0x85429</value>
         <object_component_ref idref="oc-23"/>
      </symbol>
      <symbol id="sm-728">
         <name>__TI_decompress_lzss</name>
         <value>0x84d73</value>
         <object_component_ref idref="oc-1d"/>
      </symbol>
      <symbol id="sm-74b">
         <name>__rem_pio2</name>
         <value>0x83160</value>
         <object_component_ref idref="oc-23a"/>
      </symbol>
      <symbol id="sm-7ad">
         <name>__kernel_rem_pio2</name>
         <value>0x82608</value>
         <object_component_ref idref="oc-34f"/>
      </symbol>
      <symbol id="sm-7c3">
         <name>C$$EXIT</name>
         <value>0x84e48</value>
         <object_component_ref idref="oc-28b"/>
      </symbol>
      <symbol id="sm-7c4">
         <name>abort</name>
         <value>0x84e48</value>
         <object_component_ref idref="oc-28b"/>
      </symbol>
      <symbol id="sm-7c5">
         <name>exit</name>
         <value>0x84e4a</value>
         <object_component_ref idref="oc-28b"/>
      </symbol>
      <symbol id="sm-7c6">
         <name>__TI_dtors_ptr</name>
         <value>0xa9b6</value>
         <object_component_ref idref="oc-39d"/>
      </symbol>
      <symbol id="sm-7c7">
         <name>__TI_cleanup_ptr</name>
         <value>0xa9b4</value>
         <object_component_ref idref="oc-39d"/>
      </symbol>
      <symbol id="sm-7c8">
         <name>__TI_enable_exit_profile_output</name>
         <value>0xa9b2</value>
         <object_component_ref idref="oc-39d"/>
      </symbol>
      <symbol id="sm-7df">
         <name>_nop</name>
         <value>0x85428</value>
         <object_component_ref idref="oc-4ba"/>
      </symbol>
      <symbol id="sm-7e0">
         <name>_lock</name>
         <value>0xa97e</value>
         <object_component_ref idref="oc-3a0"/>
      </symbol>
      <symbol id="sm-7e1">
         <name>_unlock</name>
         <value>0xa9c2</value>
         <object_component_ref idref="oc-510"/>
      </symbol>
      <symbol id="sm-7e2">
         <name>_register_lock</name>
         <value>0x85424</value>
         <object_component_ref idref="oc-4ba"/>
      </symbol>
      <symbol id="sm-7e3">
         <name>_register_unlock</name>
         <value>0x85420</value>
         <object_component_ref idref="oc-4ba"/>
      </symbol>
      <symbol id="sm-7f2">
         <name>_args_main</name>
         <value>0x853fe</value>
         <object_component_ref idref="oc-285"/>
      </symbol>
      <symbol id="sm-801">
         <name>memset</name>
         <value>0x85440</value>
         <object_component_ref idref="oc-146"/>
      </symbol>
      <symbol id="sm-80e">
         <name>__kernel_cos</name>
         <value>0x846e0</value>
         <object_component_ref idref="oc-246"/>
      </symbol>
      <symbol id="sm-81d">
         <name>__kernel_sin</name>
         <value>0x84342</value>
         <object_component_ref idref="oc-240"/>
      </symbol>
      <symbol id="sm-835">
         <name>floorl</name>
         <value>0x83ec0</value>
         <object_component_ref idref="oc-489"/>
      </symbol>
      <symbol id="sm-836">
         <name>floor</name>
         <value>0x83ec0</value>
         <object_component_ref idref="oc-489"/>
      </symbol>
      <symbol id="sm-84a">
         <name>scalbn</name>
         <value>0x84177</value>
         <object_component_ref idref="oc-483"/>
      </symbol>
      <symbol id="sm-84b">
         <name>scalbnl</name>
         <value>0x84177</value>
         <object_component_ref idref="oc-483"/>
      </symbol>
      <symbol id="sm-84c">
         <name>ldexpl</name>
         <value>0x84177</value>
         <object_component_ref idref="oc-483"/>
      </symbol>
      <symbol id="sm-84d">
         <name>ldexp</name>
         <value>0x84177</value>
         <object_component_ref idref="oc-483"/>
      </symbol>
      <symbol id="sm-85a">
         <name>copysign</name>
         <value>0x84e99</value>
         <object_component_ref idref="oc-4f7"/>
      </symbol>
      <symbol id="sm-85b">
         <name>copysignl</name>
         <value>0x84e99</value>
         <object_component_ref idref="oc-4f7"/>
      </symbol>
      <symbol id="sm-863">
         <name>__c28xabi_orll</name>
         <value>0x851e3</value>
         <object_component_ref idref="oc-34a"/>
      </symbol>
      <symbol id="sm-864">
         <name>__c28xabi_xorll</name>
         <value>0x851eb</value>
         <object_component_ref idref="oc-34a"/>
      </symbol>
      <symbol id="sm-865">
         <name>__c28xabi_andll</name>
         <value>0x851db</value>
         <object_component_ref idref="oc-34a"/>
      </symbol>
      <symbol id="sm-86f">
         <name>__c28xabi_modi</name>
         <value>0x84faf</value>
         <object_component_ref idref="oc-47b"/>
      </symbol>
      <symbol id="sm-870">
         <name>__c28xabi_divi</name>
         <value>0x84f9e</value>
         <object_component_ref idref="oc-47b"/>
      </symbol>
      <symbol id="sm-87e">
         <name>_system_post_cinit</name>
         <value>0x85456</value>
         <object_component_ref idref="oc-4a0"/>
      </symbol>
      <symbol id="sm-889">
         <name>errno</name>
         <value>0xa9c1</value>
         <object_component_ref idref="oc-4fd"/>
      </symbol>
      <symbol id="sm-88b">
         <name>__c_args__</name>
         <value>0x0</value>
      </symbol>
   </symbol_table>
   <title>Link successful</title>
</link_info>
